#
# There is insufficient memory for the Java Runtime Environment to continue.
# Native memory allocation (malloc) failed to allocate 1549344 bytes for Chunk::new
# Possible reasons:
#   The system is out of physical RAM or swap space
#   The process is running with CompressedOops enabled, and the Java Heap may be blocking the growth of the native heap
# Possible solutions:
#   Reduce memory load on the system
#   Increase physical memory or swap space
#   Check if swap backing store is full
#   Decrease Java heap size (-Xmx/-Xms)
#   Decrease number of Java threads
#   Decrease Java thread stack sizes (-Xss)
#   Set larger code cache with -XX:ReservedCodeCacheSize=
#   JVM is running with Zero Based Compressed Oops mode in which the Java heap is
#     placed in the first 32GB address space. The Java Heap base address is the
#     maximum limit for the native heap growth. Please use -XX:HeapBaseMinAddress
#     to set the Java Heap base and to place the Java Heap above 32GB virtual address.
# This output file may be truncated or incomplete.
#
#  Out of Memory Error (arena.cpp:168), pid=25420, tid=32460
#
# JRE version: Java(TM) SE Runtime Environment (21.0.8+12) (build 21.0.8+12-LTS-250)
# Java VM: Java HotSpot(TM) 64-Bit Server VM (21.0.8+12-LTS-250, mixed mode, sharing, tiered, compressed oops, compressed class ptrs, g1 gc, windows-amd64)
# No core dump will be written. Minidumps are not enabled by default on client versions of Windows
#

---------------  S U M M A R Y ------------

Command Line: -javaagent:C:\Program Files\JetBrains\IntelliJ IDEA 2025.2.3\lib\idea_rt.jar=63584 -Dfile.encoding=UTF-8 -Dsun.stdout.encoding=UTF-8 -Dsun.stderr.encoding=UTF-8 com.market.historicalservice.historicalserviceApplication

Host: 11th Gen Intel(R) Core(TM) i5-1135G7 @ 2.40GHz, 8 cores, 15G,  Windows 11 , 64 bit Build 26100 (10.0.26100.7019)
Time: Tue Jan  6 12:19:28 2026 India Standard Time elapsed time: 26.908767 seconds (0d 0h 0m 26s)

---------------  T H R E A D  ---------------

Current thread (0x000001ff4c5c92f0):  JavaThread "C2 CompilerThread0" daemon [_thread_in_native, id=32460, stack(0x000000a66af00000,0x000000a66b000000) (1024K)]


Current CompileTask:
C2:  26909 6532       4       org.springframework.core.annotation.AnnotationsScanner::processMethod (97 bytes)

Stack: [0x000000a66af00000,0x000000a66b000000]
Native frames: (J=compiled Java code, j=interpreted, Vv=VM code, C=native code)
V  [jvm.dll+0x6cc179]
V  [jvm.dll+0x8584c1]
V  [jvm.dll+0x85a9ee]
V  [jvm.dll+0x85b0c3]
V  [jvm.dll+0x27ebf6]
V  [jvm.dll+0xc4f4d]
V  [jvm.dll+0xc5483]
V  [jvm.dll+0x3b6abc]
V  [jvm.dll+0x382a35]
V  [jvm.dll+0x381eaa]
V  [jvm.dll+0x247670]
V  [jvm.dll+0x246c4f]
V  [jvm.dll+0x1c7a3e]
V  [jvm.dll+0x256359]
V  [jvm.dll+0x2548ea]
V  [jvm.dll+0x3efef6]
V  [jvm.dll+0x80279b]
V  [jvm.dll+0x6ca85d]
C  [ucrtbase.dll+0x37b0]
C  [KERNEL32.DLL+0x2e8d7]
C  [ntdll.dll+0x8c53c]


---------------  P R O C E S S  ---------------

Threads class SMR info:
_java_thread_list=0x000001ff939bf0e0, length=26, elements={
0x000001ff2ad15d10, 0x000001ff4c5c01c0, 0x000001ff4c5c0c10, 0x000001ff4c5c5670,
0x000001ff4c5c60c0, 0x000001ff4c5c6b10, 0x000001ff4c5c7560, 0x000001ff4c5c92f0,
0x000001ff4c5cc930, 0x000001ff49be5cf0, 0x000001ff922e8c30, 0x000001ff92338150,
0x000001ff935796b0, 0x000001ff934b6620, 0x000001ff937b9640, 0x000001ff937b9ca0,
0x000001ff939892a0, 0x000001ff93987ef0, 0x000001ff9398a650, 0x000001ff93988580,
0x000001ff9398ace0, 0x000001ff9515ad20, 0x000001ff951592e0, 0x000001ff951585c0,
0x000001ff95a09b90, 0x000001ff95a0b6d0
}

Java Threads: ( => current thread )
  0x000001ff2ad15d10 JavaThread "main"                              [_thread_in_vm, id=12172, stack(0x000000a66a100000,0x000000a66a200000) (1024K)]
  0x000001ff4c5c01c0 JavaThread "Reference Handler"          daemon [_thread_blocked, id=35504, stack(0x000000a66a900000,0x000000a66aa00000) (1024K)]
  0x000001ff4c5c0c10 JavaThread "Finalizer"                  daemon [_thread_blocked, id=13236, stack(0x000000a66aa00000,0x000000a66ab00000) (1024K)]
  0x000001ff4c5c5670 JavaThread "Signal Dispatcher"          daemon [_thread_blocked, id=12448, stack(0x000000a66ab00000,0x000000a66ac00000) (1024K)]
  0x000001ff4c5c60c0 JavaThread "Attach Listener"            daemon [_thread_blocked, id=12616, stack(0x000000a66ac00000,0x000000a66ad00000) (1024K)]
  0x000001ff4c5c6b10 JavaThread "Service Thread"             daemon [_thread_blocked, id=34808, stack(0x000000a66ad00000,0x000000a66ae00000) (1024K)]
  0x000001ff4c5c7560 JavaThread "Monitor Deflation Thread"   daemon [_thread_blocked, id=3788, stack(0x000000a66ae00000,0x000000a66af00000) (1024K)]
=>0x000001ff4c5c92f0 JavaThread "C2 CompilerThread0"         daemon [_thread_in_native, id=32460, stack(0x000000a66af00000,0x000000a66b000000) (1024K)]
  0x000001ff4c5cc930 JavaThread "C1 CompilerThread0"         daemon [_thread_blocked, id=32816, stack(0x000000a66b000000,0x000000a66b100000) (1024K)]
  0x000001ff49be5cf0 JavaThread "Common-Cleaner"             daemon [_thread_blocked, id=2968, stack(0x000000a66b100000,0x000000a66b200000) (1024K)]
  0x000001ff922e8c30 JavaThread "Monitor Ctrl-Break"         daemon [_thread_in_native, id=35216, stack(0x000000a66b200000,0x000000a66b300000) (1024K)]
  0x000001ff92338150 JavaThread "Notification Thread"        daemon [_thread_blocked, id=29648, stack(0x000000a66b300000,0x000000a66b400000) (1024K)]
  0x000001ff935796b0 JavaThread "ForkJoinPool-1-worker-1"    daemon [_thread_blocked, id=25032, stack(0x000000a66bd00000,0x000000a66be00000) (1024K)]
  0x000001ff934b6620 JavaThread "ForkJoinPool-1-worker-2"    daemon [_thread_blocked, id=35256, stack(0x000000a66be00000,0x000000a66bf00000) (1024K)]
  0x000001ff937b9640 JavaThread "ForkJoinPool-1-worker-3"    daemon [_thread_blocked, id=30076, stack(0x000000a66bf00000,0x000000a66c000000) (1024K)]
  0x000001ff937b9ca0 JavaThread "ForkJoinPool-1-worker-4"    daemon [_thread_blocked, id=4040, stack(0x000000a66c000000,0x000000a66c100000) (1024K)]
  0x000001ff939892a0 JavaThread "ForkJoinPool-1-worker-5"    daemon [_thread_blocked, id=31292, stack(0x000000a66c200000,0x000000a66c300000) (1024K)]
  0x000001ff93987ef0 JavaThread "ForkJoinPool-1-worker-6"    daemon [_thread_blocked, id=28968, stack(0x000000a66c300000,0x000000a66c400000) (1024K)]
  0x000001ff9398a650 JavaThread "Catalina-utility-1"                [_thread_blocked, id=23352, stack(0x000000a66c100000,0x000000a66c200000) (1024K)]
  0x000001ff93988580 JavaThread "Catalina-utility-2"                [_thread_blocked, id=33592, stack(0x000000a66c400000,0x000000a66c500000) (1024K)]
  0x000001ff9398ace0 JavaThread "container-0"                       [_thread_blocked, id=9224, stack(0x000000a66c500000,0x000000a66c600000) (1024K)]
  0x000001ff9515ad20 JavaThread "PostgreSQL-JDBC-Cleaner"    daemon [_thread_blocked, id=35516, stack(0x000000a66c700000,0x000000a66c800000) (1024K)]
  0x000001ff951592e0 JavaThread "HikariPool-1 housekeeper"   daemon [_thread_blocked, id=26992, stack(0x000000a66c800000,0x000000a66c900000) (1024K)]
  0x000001ff951585c0 JavaThread "HikariPool-1 connection adder" daemon [_thread_blocked, id=29628, stack(0x000000a66c900000,0x000000a66ca00000) (1024K)]
  0x000001ff95a09b90 JavaThread "C2 CompilerThread1"         daemon [_thread_in_native, id=23676, stack(0x000000a66bc00000,0x000000a66bd00000) (1024K)]
  0x000001ff95a0b6d0 JavaThread "C2 CompilerThread2"         daemon [_thread_in_native, id=28424, stack(0x000000a66ca00000,0x000000a66cb00000) (1024K)]
Total: 26

Other Threads:
  0x000001ff49bf5c00 VMThread "VM Thread"                           [id=9592, stack(0x000000a66a800000,0x000000a66a900000) (1024K)]
  0x000001ff49be5460 WatcherThread "VM Periodic Task Thread"        [id=23644, stack(0x000000a66a700000,0x000000a66a800000) (1024K)]
  0x000001ff2d5c45e0 WorkerThread "GC Thread#0"                     [id=34520, stack(0x000000a66a200000,0x000000a66a300000) (1024K)]
  0x000001ff92f24860 WorkerThread "GC Thread#1"                     [id=33780, stack(0x000000a66b400000,0x000000a66b500000) (1024K)]
  0x000001ff92f24c00 WorkerThread "GC Thread#2"                     [id=32820, stack(0x000000a66b500000,0x000000a66b600000) (1024K)]
  0x000001ff92f24fa0 WorkerThread "GC Thread#3"                     [id=27764, stack(0x000000a66b600000,0x000000a66b700000) (1024K)]
  0x000001ff92f25340 WorkerThread "GC Thread#4"                     [id=28724, stack(0x000000a66b700000,0x000000a66b800000) (1024K)]
  0x000001ff92c56f70 WorkerThread "GC Thread#5"                     [id=26460, stack(0x000000a66b900000,0x000000a66ba00000) (1024K)]
  0x000001ff933a6c90 WorkerThread "GC Thread#6"                     [id=26896, stack(0x000000a66ba00000,0x000000a66bb00000) (1024K)]
  0x000001ff93167420 WorkerThread "GC Thread#7"                     [id=21660, stack(0x000000a66bb00000,0x000000a66bc00000) (1024K)]
  0x000001ff49a07ef0 ConcurrentGCThread "G1 Main Marker"            [id=26048, stack(0x000000a66a300000,0x000000a66a400000) (1024K)]
  0x000001ff2d5ce300 WorkerThread "G1 Conc#0"                       [id=35208, stack(0x000000a66a400000,0x000000a66a500000) (1024K)]
  0x000001ff936d7a70 WorkerThread "G1 Conc#1"                       [id=15564, stack(0x000000a66b800000,0x000000a66b900000) (1024K)]
  0x000001ff49ab8de0 ConcurrentGCThread "G1 Refine#0"               [id=27632, stack(0x000000a66a500000,0x000000a66a600000) (1024K)]
  0x000001ff49abadb0 ConcurrentGCThread "G1 Service"                [id=3672, stack(0x000000a66a600000,0x000000a66a700000) (1024K)]
Total: 15

Threads with active compile tasks:
C2 CompilerThread0    26995 6532       4       org.springframework.core.annotation.AnnotationsScanner::processMethod (97 bytes)
C2 CompilerThread1    26995 6513       4       org.springframework.core.annotation.AnnotationsScanner::processMethodAnnotations (98 bytes)
C2 CompilerThread2    26995 6520       4       org.aspectj.weaver.ReferenceType::isAnnotationWithRuntimeRetention (10 bytes)
Total: 3

VM state: not at safepoint (normal execution)

VM Mutex/Monitor currently owned by a thread: None

Heap address: 0x0000000709600000, size: 3946 MB, Compressed Oops mode: Zero based, Oop shift amount: 3

CDS archive(s) mapped at: [0x000001ff4d000000-0x000001ff4dc90000-0x000001ff4dc90000), size 13172736, SharedBaseAddress: 0x000001ff4d000000, ArchiveRelocationMode: 1.
Compressed class space mapped at: 0x000001ff4e000000-0x000001ff8e000000, reserved size: 1073741824
Narrow klass base: 0x000001ff4d000000, Narrow klass shift: 0, Narrow klass range: 0x100000000

GC Precious Log:
 CardTable entry size: 512
 Card Set container configuration: InlinePtr #cards 4 size 8 Array Of Cards #cards 16 size 48 Howl #buckets 8 coarsen threshold 3686 Howl Bitmap #cards 512 size 80 coarsen threshold 460 Card regions per heap region 1 cards per card region 4096
 CPUs: 8 total, 8 available
 Memory: 15781M
 Large Page Support: Disabled
 NUMA Support: Disabled
 Compressed Oops: Enabled (Zero based)
 Heap Region Size: 2M
 Heap Min Capacity: 8M
 Heap Initial Capacity: 248M
 Heap Max Capacity: 3946M
 Pre-touch: Disabled
 Parallel Workers: 8
 Concurrent Workers: 2
 Concurrent Refinement Workers: 8
 Periodic GC: Disabled

Heap:
 garbage-first heap   total 69632K, used 51671K [0x0000000709600000, 0x0000000800000000)
  region size 2048K, 11 young (22528K), 2 survivors (4096K)
 Metaspace       used 65515K, committed 66240K, reserved 1114112K
  class space    used 8742K, committed 9088K, reserved 1048576K

Heap Regions: E=young(eden), S=young(survivor), O=old, HS=humongous(starts), HC=humongous(continues), CS=collection set, F=free, TAMS=top-at-mark-start, PB=parsable bottom
|   0|0x0000000709600000, 0x0000000709800000, 0x0000000709800000|100%| O|  |TAMS 0x0000000709600000| PB 0x0000000709600000| Untracked 
|   1|0x0000000709800000, 0x0000000709a00000, 0x0000000709a00000|100%| O|  |TAMS 0x0000000709800000| PB 0x0000000709800000| Untracked 
|   2|0x0000000709a00000, 0x0000000709c00000, 0x0000000709c00000|100%| O|  |TAMS 0x0000000709a00000| PB 0x0000000709a00000| Untracked 
|   3|0x0000000709c00000, 0x0000000709e00000, 0x0000000709e00000|100%| O|  |TAMS 0x0000000709c00000| PB 0x0000000709c00000| Untracked 
|   4|0x0000000709e00000, 0x000000070a000000, 0x000000070a000000|100%| O|  |TAMS 0x0000000709e00000| PB 0x0000000709e00000| Untracked 
|   5|0x000000070a000000, 0x000000070a200000, 0x000000070a200000|100%| O|  |TAMS 0x000000070a000000| PB 0x000000070a000000| Untracked 
|   6|0x000000070a200000, 0x000000070a400000, 0x000000070a400000|100%| O|  |TAMS 0x000000070a200000| PB 0x000000070a200000| Untracked 
|   7|0x000000070a400000, 0x000000070a600000, 0x000000070a600000|100%| O|  |TAMS 0x000000070a400000| PB 0x000000070a400000| Untracked 
|   8|0x000000070a600000, 0x000000070a800000, 0x000000070a800000|100%| O|  |TAMS 0x000000070a600000| PB 0x000000070a600000| Untracked 
|   9|0x000000070a800000, 0x000000070aa00000, 0x000000070aa00000|100%| O|  |TAMS 0x000000070a800000| PB 0x000000070a800000| Untracked 
|  10|0x000000070aa00000, 0x000000070ac00000, 0x000000070ac00000|100%| O|  |TAMS 0x000000070aa00000| PB 0x000000070aa00000| Untracked 
|  11|0x000000070ac00000, 0x000000070ae00000, 0x000000070ae00000|100%| O|  |TAMS 0x000000070ac00000| PB 0x000000070ac00000| Untracked 
|  12|0x000000070ae00000, 0x000000070b000000, 0x000000070b000000|100%| O|  |TAMS 0x000000070ae00000| PB 0x000000070ae00000| Untracked 
|  13|0x000000070b000000, 0x000000070b1f93a8, 0x000000070b200000| 98%| O|  |TAMS 0x000000070b000000| PB 0x000000070b000000| Untracked 
|  14|0x000000070b200000, 0x000000070b200000, 0x000000070b400000|  0%| F|  |TAMS 0x000000070b200000| PB 0x000000070b200000| Untracked 
|  15|0x000000070b400000, 0x000000070b400000, 0x000000070b600000|  0%| F|  |TAMS 0x000000070b400000| PB 0x000000070b400000| Untracked 
|  16|0x000000070b600000, 0x000000070b800000, 0x000000070b800000|100%| O|  |TAMS 0x000000070b600000| PB 0x000000070b600000| Untracked 
|  17|0x000000070b800000, 0x000000070ba00000, 0x000000070ba00000|100%| O|Cm|TAMS 0x000000070b800000| PB 0x000000070b800000| Complete 
|  18|0x000000070ba00000, 0x000000070ba00000, 0x000000070bc00000|  0%| F|  |TAMS 0x000000070ba00000| PB 0x000000070ba00000| Untracked 
|  19|0x000000070bc00000, 0x000000070bc7c978, 0x000000070be00000| 24%| S|CS|TAMS 0x000000070bc00000| PB 0x000000070bc00000| Complete 
|  20|0x000000070be00000, 0x000000070c000000, 0x000000070c000000|100%| S|CS|TAMS 0x000000070be00000| PB 0x000000070be00000| Complete 
|  21|0x000000070c000000, 0x000000070c000000, 0x000000070c200000|  0%| F|  |TAMS 0x000000070c000000| PB 0x000000070c000000| Untracked 
|  22|0x000000070c200000, 0x000000070c200000, 0x000000070c400000|  0%| F|  |TAMS 0x000000070c200000| PB 0x000000070c200000| Untracked 
|  23|0x000000070c400000, 0x000000070c400000, 0x000000070c600000|  0%| F|  |TAMS 0x000000070c400000| PB 0x000000070c400000| Untracked 
|  24|0x000000070c600000, 0x000000070c600000, 0x000000070c800000|  0%| F|  |TAMS 0x000000070c600000| PB 0x000000070c600000| Untracked 
|  25|0x000000070c800000, 0x000000070c94b690, 0x000000070ca00000| 64%| E|  |TAMS 0x000000070c800000| PB 0x000000070c800000| Complete 
|  26|0x000000070ca00000, 0x000000070cc00000, 0x000000070cc00000|100%| E|CS|TAMS 0x000000070ca00000| PB 0x000000070ca00000| Complete 
|  27|0x000000070cc00000, 0x000000070ce00000, 0x000000070ce00000|100%| E|CS|TAMS 0x000000070cc00000| PB 0x000000070cc00000| Complete 
|  28|0x000000070ce00000, 0x000000070d000000, 0x000000070d000000|100%| E|CS|TAMS 0x000000070ce00000| PB 0x000000070ce00000| Complete 
|  90|0x0000000714a00000, 0x0000000714c00000, 0x0000000714c00000|100%| E|CS|TAMS 0x0000000714a00000| PB 0x0000000714a00000| Complete 
|  91|0x0000000714c00000, 0x0000000714e00000, 0x0000000714e00000|100%| E|CS|TAMS 0x0000000714c00000| PB 0x0000000714c00000| Complete 
|  92|0x0000000714e00000, 0x0000000715000000, 0x0000000715000000|100%| E|CS|TAMS 0x0000000714e00000| PB 0x0000000714e00000| Complete 
|  93|0x0000000715000000, 0x0000000715200000, 0x0000000715200000|100%| E|CS|TAMS 0x0000000715000000| PB 0x0000000715000000| Complete 
| 123|0x0000000718c00000, 0x0000000718e00000, 0x0000000718e00000|100%| E|CS|TAMS 0x0000000718c00000| PB 0x0000000718c00000| Complete 

Card table byte_map: [0x000001ff45490000,0x000001ff45c50000] _byte_map_base: 0x000001ff41c45000

Marking Bits: (CMBitMap*) 0x000001ff2d5c4af0
 Bits: [0x000001ff45c50000, 0x000001ff499f8000)

Polling page: 0x000001ff2c960000

Metaspace:

Usage:
  Non-class:     55.45 MB used.
      Class:      8.54 MB used.
       Both:     63.98 MB used.

Virtual space:
  Non-class space:       64.00 MB reserved,      55.81 MB ( 87%) committed,  1 nodes.
      Class space:        1.00 GB reserved,       8.88 MB ( <1%) committed,  1 nodes.
             Both:        1.06 GB reserved,      64.69 MB (  6%) committed. 

Chunk freelists:
   Non-Class:  7.83 MB
       Class:  6.97 MB
        Both:  14.80 MB

MaxMetaspaceSize: unlimited
CompressedClassSpaceSize: 1.00 GB
Initial GC threshold: 21.00 MB
Current GC threshold: 98.38 MB
CDS: on
 - commit_granule_bytes: 65536.
 - commit_granule_words: 8192.
 - virtual_space_node_default_size: 8388608.
 - enlarge_chunks_in_place: 1.
 - use_allocation_guard: 0.


Internal statistics:

num_allocs_failed_limit: 9.
num_arena_births: 920.
num_arena_deaths: 0.
num_vsnodes_births: 2.
num_vsnodes_deaths: 0.
num_space_committed: 1035.
num_space_uncommitted: 0.
num_chunks_returned_to_freelist: 9.
num_chunks_taken_from_freelist: 3281.
num_chunk_merges: 6.
num_chunk_splits: 2359.
num_chunks_enlarged: 1812.
num_inconsistent_stats: 0.

CodeHeap 'non-profiled nmethods': size=120000Kb used=4669Kb max_used=5018Kb free=115330Kb
 bounds [0x000001ff3d470000, 0x000001ff3d960000, 0x000001ff449a0000]
CodeHeap 'profiled nmethods': size=120000Kb used=11941Kb max_used=12561Kb free=108058Kb
 bounds [0x000001ff359a0000, 0x000001ff365f0000, 0x000001ff3ced0000]
CodeHeap 'non-nmethods': size=5760Kb used=1844Kb max_used=1883Kb free=3915Kb
 bounds [0x000001ff3ced0000, 0x000001ff3d140000, 0x000001ff3d470000]
 total_blobs=6402 nmethods=5715 adapters=590
 compilation: enabled
              stopped_count=0, restarted_count=0
 full_count=0

Compilation events (20 events):
Event: 26.838 Thread 0x000001ff4c5cc930 6568       3       java.util.regex.Pattern::single (82 bytes)
Event: 26.840 Thread 0x000001ff4c5cc930 nmethod 6568 0x000001ff35b1ac90 code [0x000001ff35b1b020, 0x000001ff35b1ca00]
Event: 26.840 Thread 0x000001ff4c5cc930 6569       3       java.util.regex.Pattern::createGroup (86 bytes)
Event: 26.841 Thread 0x000001ff4c5cc930 nmethod 6569 0x000001ff35a93a10 code [0x000001ff35a93c20, 0x000001ff35a94470]
Event: 26.841 Thread 0x000001ff4c5cc930 6570       3       java.lang.String::replaceAll (13 bytes)
Event: 26.841 Thread 0x000001ff4c5cc930 nmethod 6570 0x000001ff35b1a690 code [0x000001ff35b1a860, 0x000001ff35b1ab00]
Event: 26.841 Thread 0x000001ff4c5cc930 6571       3       java.util.regex.Matcher::replaceAll (59 bytes)
Event: 26.842 Thread 0x000001ff4c5cc930 nmethod 6571 0x000001ff35fa8590 code [0x000001ff35fa8800, 0x000001ff35fa90c8]
Event: 26.842 Thread 0x000001ff4c5cc930 6572       3       java.util.regex.Pattern::accept (43 bytes)
Event: 26.842 Thread 0x000001ff4c5cc930 nmethod 6572 0x000001ff36067810 code [0x000001ff360679e0, 0x000001ff36067ce8]
Event: 26.842 Thread 0x000001ff4c5cc930 6573       3       org.aspectj.weaver.UnresolvedType::getDimensions (15 bytes)
Event: 26.843 Thread 0x000001ff4c5cc930 nmethod 6573 0x000001ff35fa7c90 code [0x000001ff35fa7e80, 0x000001ff35fa82a0]
Event: 26.843 Thread 0x000001ff4c5cc930 6574   !   3       java.util.regex.Pattern::<init> (144 bytes)
Event: 26.846 Thread 0x000001ff4c5cc930 nmethod 6574 0x000001ff35e65a90 code [0x000001ff35e65da0, 0x000001ff35e66e48]
Event: 26.849 Thread 0x000001ff4c5cc930 6576   !   3       java.util.regex.Matcher::appendExpandedReplacement (508 bytes)
Event: 26.856 Thread 0x000001ff4c5cc930 nmethod 6576 0x000001ff36347290 code [0x000001ff36347ae0, 0x000001ff3634c9e0]
Event: 26.856 Thread 0x000001ff4c5cc930 6577   !   3       java.util.regex.Matcher::appendReplacement (65 bytes)
Event: 26.857 Thread 0x000001ff4c5cc930 nmethod 6577 0x000001ff35ae5d10 code [0x000001ff35ae5f20, 0x000001ff35ae64e0]
Event: 26.867 Thread 0x000001ff4c5cc930 6581       3       org.aspectj.apache.bcel.classfile.JavaClass::getAnnotations (97 bytes)
Event: 26.868 Thread 0x000001ff4c5cc930 nmethod 6581 0x000001ff35de5890 code [0x000001ff35de5ac0, 0x000001ff35de65c8]

GC Heap History (20 events):
Event: 12.700 GC heap before
{Heap before GC invocations=5 (full 0):
 garbage-first heap   total 69632K, used 47593K [0x0000000709600000, 0x0000000800000000)
  region size 2048K, 16 young (32768K), 2 survivors (4096K)
 Metaspace       used 27501K, committed 27840K, reserved 1114112K
  class space    used 3476K, committed 3648K, reserved 1048576K
}
Event: 12.714 GC heap after
{Heap after GC invocations=6 (full 0):
 garbage-first heap   total 69632K, used 20474K [0x0000000709600000, 0x0000000800000000)
  region size 2048K, 1 young (2048K), 1 survivors (2048K)
 Metaspace       used 27501K, committed 27840K, reserved 1114112K
  class space    used 3476K, committed 3648K, reserved 1048576K
}
Event: 14.856 GC heap before
{Heap before GC invocations=6 (full 0):
 garbage-first heap   total 69632K, used 53242K [0x0000000709600000, 0x0000000800000000)
  region size 2048K, 17 young (34816K), 1 survivors (2048K)
 Metaspace       used 33554K, committed 34048K, reserved 1114112K
  class space    used 4220K, committed 4480K, reserved 1048576K
}
Event: 14.869 GC heap after
{Heap after GC invocations=7 (full 0):
 garbage-first heap   total 69632K, used 23386K [0x0000000709600000, 0x0000000800000000)
  region size 2048K, 3 young (6144K), 3 survivors (6144K)
 Metaspace       used 33554K, committed 34048K, reserved 1114112K
  class space    used 4220K, committed 4480K, reserved 1048576K
}
Event: 15.738 GC heap before
{Heap before GC invocations=7 (full 0):
 garbage-first heap   total 69632K, used 45914K [0x0000000709600000, 0x0000000800000000)
  region size 2048K, 15 young (30720K), 3 survivors (6144K)
 Metaspace       used 35477K, committed 35968K, reserved 1114112K
  class space    used 4477K, committed 4736K, reserved 1048576K
}
Event: 15.755 GC heap after
{Heap after GC invocations=8 (full 0):
 garbage-first heap   total 69632K, used 24948K [0x0000000709600000, 0x0000000800000000)
  region size 2048K, 3 young (6144K), 3 survivors (6144K)
 Metaspace       used 35477K, committed 35968K, reserved 1114112K
  class space    used 4477K, committed 4736K, reserved 1048576K
}
Event: 17.783 GC heap before
{Heap before GC invocations=9 (full 0):
 garbage-first heap   total 69632K, used 53620K [0x0000000709600000, 0x0000000800000000)
  region size 2048K, 18 young (36864K), 3 survivors (6144K)
 Metaspace       used 39946K, committed 40448K, reserved 1114112K
  class space    used 5021K, committed 5248K, reserved 1048576K
}
Event: 17.807 GC heap after
{Heap after GC invocations=10 (full 0):
 garbage-first heap   total 69632K, used 28477K [0x0000000709600000, 0x0000000800000000)
  region size 2048K, 3 young (6144K), 3 survivors (6144K)
 Metaspace       used 39946K, committed 40448K, reserved 1114112K
  class space    used 5021K, committed 5248K, reserved 1048576K
}
Event: 19.103 GC heap before
{Heap before GC invocations=10 (full 0):
 garbage-first heap   total 69632K, used 55101K [0x0000000709600000, 0x0000000800000000)
  region size 2048K, 16 young (32768K), 3 survivors (6144K)
 Metaspace       used 41284K, committed 41856K, reserved 1114112K
  class space    used 5224K, committed 5504K, reserved 1048576K
}
Event: 19.127 GC heap after
{Heap after GC invocations=11 (full 0):
 garbage-first heap   total 69632K, used 29646K [0x0000000709600000, 0x0000000800000000)
  region size 2048K, 1 young (2048K), 1 survivors (2048K)
 Metaspace       used 41284K, committed 41856K, reserved 1114112K
  class space    used 5224K, committed 5504K, reserved 1048576K
}
Event: 20.552 GC heap before
{Heap before GC invocations=11 (full 0):
 garbage-first heap   total 69632K, used 58318K [0x0000000709600000, 0x0000000800000000)
  region size 2048K, 15 young (30720K), 1 survivors (2048K)
 Metaspace       used 44719K, committed 45312K, reserved 1114112K
  class space    used 5680K, committed 5952K, reserved 1048576K
}
Event: 20.556 GC heap after
{Heap after GC invocations=12 (full 0):
 garbage-first heap   total 69632K, used 30971K [0x0000000709600000, 0x0000000800000000)
  region size 2048K, 2 young (4096K), 2 survivors (4096K)
 Metaspace       used 44719K, committed 45312K, reserved 1114112K
  class space    used 5680K, committed 5952K, reserved 1048576K
}
Event: 23.043 GC heap before
{Heap before GC invocations=12 (full 0):
 garbage-first heap   total 69632K, used 57595K [0x0000000709600000, 0x0000000800000000)
  region size 2048K, 15 young (30720K), 2 survivors (4096K)
 Metaspace       used 52392K, committed 53056K, reserved 1114112K
  class space    used 6760K, committed 7040K, reserved 1048576K
}
Event: 23.048 GC heap after
{Heap after GC invocations=13 (full 0):
 garbage-first heap   total 69632K, used 32793K [0x0000000709600000, 0x0000000800000000)
  region size 2048K, 2 young (4096K), 2 survivors (4096K)
 Metaspace       used 52392K, committed 53056K, reserved 1114112K
  class space    used 6760K, committed 7040K, reserved 1048576K
}
Event: 24.604 GC heap before
{Heap before GC invocations=13 (full 0):
 garbage-first heap   total 69632K, used 57369K [0x0000000709600000, 0x0000000800000000)
  region size 2048K, 14 young (28672K), 2 survivors (4096K)
 Metaspace       used 58987K, committed 59584K, reserved 1114112K
  class space    used 7706K, committed 7936K, reserved 1048576K
}
Event: 24.609 GC heap after
{Heap after GC invocations=14 (full 0):
 garbage-first heap   total 69632K, used 34094K [0x0000000709600000, 0x0000000800000000)
  region size 2048K, 2 young (4096K), 2 survivors (4096K)
 Metaspace       used 58987K, committed 59584K, reserved 1114112K
  class space    used 7706K, committed 7936K, reserved 1048576K
}
Event: 24.738 GC heap before
{Heap before GC invocations=14 (full 0):
 garbage-first heap   total 69632K, used 34094K [0x0000000709600000, 0x0000000800000000)
  region size 2048K, 3 young (6144K), 2 survivors (4096K)
 Metaspace       used 59670K, committed 60288K, reserved 1114112K
  class space    used 7760K, committed 8000K, reserved 1048576K
}
Event: 24.742 GC heap after
{Heap after GC invocations=15 (full 0):
 garbage-first heap   total 69632K, used 34406K [0x0000000709600000, 0x0000000800000000)
  region size 2048K, 1 young (2048K), 1 survivors (2048K)
 Metaspace       used 59670K, committed 60288K, reserved 1114112K
  class space    used 7760K, committed 8000K, reserved 1048576K
}
Event: 26.539 GC heap before
{Heap before GC invocations=16 (full 0):
 garbage-first heap   total 69632K, used 58982K [0x0000000709600000, 0x0000000800000000)
  region size 2048K, 13 young (26624K), 1 survivors (2048K)
 Metaspace       used 64840K, committed 65472K, reserved 1114112K
  class space    used 8691K, committed 8960K, reserved 1048576K
}
Event: 26.544 GC heap after
{Heap after GC invocations=17 (full 0):
 garbage-first heap   total 69632K, used 35287K [0x0000000709600000, 0x0000000800000000)
  region size 2048K, 2 young (4096K), 2 survivors (4096K)
 Metaspace       used 64840K, committed 65472K, reserved 1114112K
  class space    used 8691K, committed 8960K, reserved 1048576K
}

Dll operation events (13 events):
Event: 0.062 Loaded shared library C:\Program Files\jdk-21_windows-x64_bin\jdk-21.0.8\bin\java.dll
Event: 0.162 Loaded shared library C:\Program Files\jdk-21_windows-x64_bin\jdk-21.0.8\bin\jsvml.dll
Event: 0.821 Loaded shared library C:\Program Files\jdk-21_windows-x64_bin\jdk-21.0.8\bin\zip.dll
Event: 0.838 Loaded shared library C:\Program Files\jdk-21_windows-x64_bin\jdk-21.0.8\bin\instrument.dll
Event: 0.858 Loaded shared library C:\Program Files\jdk-21_windows-x64_bin\jdk-21.0.8\bin\net.dll
Event: 0.874 Loaded shared library C:\Program Files\jdk-21_windows-x64_bin\jdk-21.0.8\bin\nio.dll
Event: 0.887 Loaded shared library C:\Program Files\jdk-21_windows-x64_bin\jdk-21.0.8\bin\zip.dll
Event: 1.634 Loaded shared library C:\Program Files\jdk-21_windows-x64_bin\jdk-21.0.8\bin\extnet.dll
Event: 1.800 Loaded shared library C:\Program Files\jdk-21_windows-x64_bin\jdk-21.0.8\bin\jimage.dll
Event: 6.104 Loaded shared library C:\Program Files\jdk-21_windows-x64_bin\jdk-21.0.8\bin\sunmscapi.dll
Event: 13.192 Loaded shared library C:\Program Files\jdk-21_windows-x64_bin\jdk-21.0.8\bin\verify.dll
Event: 16.001 Loaded shared library C:\Program Files\jdk-21_windows-x64_bin\jdk-21.0.8\bin\management.dll
Event: 16.009 Loaded shared library C:\Program Files\jdk-21_windows-x64_bin\jdk-21.0.8\bin\management_ext.dll

Deoptimization events (20 events):
Event: 26.717 Thread 0x000001ff2ad15d10 Uncommon trap: trap_request=0xffffffc6 fr.pc=0x000001ff3d76cdf0 relative=0x0000000000001930
Event: 26.717 Thread 0x000001ff2ad15d10 Uncommon trap: reason=bimorphic_or_optimized_type_check action=maybe_recompile pc=0x000001ff3d76cdf0 method=java.io.BufferedInputStream.implRead([BII)I @ 100 c2
Event: 26.717 Thread 0x000001ff2ad15d10 DEOPT PACKING pc=0x000001ff3d76cdf0 sp=0x000000a66a1fae00
Event: 26.717 Thread 0x000001ff2ad15d10 DEOPT UNPACKING pc=0x000001ff3cf27da2 sp=0x000000a66a1facf0 mode 2
Event: 26.717 Thread 0x000001ff2ad15d10 Uncommon trap: trap_request=0xffffffc6 fr.pc=0x000001ff3d76cdf0 relative=0x0000000000001930
Event: 26.717 Thread 0x000001ff2ad15d10 Uncommon trap: reason=bimorphic_or_optimized_type_check action=maybe_recompile pc=0x000001ff3d76cdf0 method=java.io.BufferedInputStream.implRead([BII)I @ 100 c2
Event: 26.717 Thread 0x000001ff2ad15d10 DEOPT PACKING pc=0x000001ff3d76cdf0 sp=0x000000a66a1fabc0
Event: 26.717 Thread 0x000001ff2ad15d10 DEOPT UNPACKING pc=0x000001ff3cf27da2 sp=0x000000a66a1faab0 mode 2
Event: 26.731 Thread 0x000001ff2ad15d10 Uncommon trap: trap_request=0xffffff45 fr.pc=0x000001ff3d738c94 relative=0x00000000000001f4
Event: 26.731 Thread 0x000001ff2ad15d10 Uncommon trap: reason=unstable_if action=reinterpret pc=0x000001ff3d738c94 method=java.util.ArrayDeque.addLast(Ljava/lang/Object;)V @ 42 c2
Event: 26.731 Thread 0x000001ff2ad15d10 DEOPT PACKING pc=0x000001ff3d738c94 sp=0x000000a66a1fc890
Event: 26.731 Thread 0x000001ff2ad15d10 DEOPT UNPACKING pc=0x000001ff3cf27da2 sp=0x000000a66a1fc7e8 mode 2
Event: 26.785 Thread 0x000001ff2ad15d10 Uncommon trap: trap_request=0xffffff45 fr.pc=0x000001ff3d948970 relative=0x0000000000000f30
Event: 26.785 Thread 0x000001ff2ad15d10 Uncommon trap: reason=unstable_if action=reinterpret pc=0x000001ff3d948970 method=java.util.concurrent.ConcurrentHashMap.putVal(Ljava/lang/Object;Ljava/lang/Object;Z)Ljava/lang/Object; @ 401 c2
Event: 26.785 Thread 0x000001ff2ad15d10 DEOPT PACKING pc=0x000001ff3d948970 sp=0x000000a66a1fc3a0
Event: 26.785 Thread 0x000001ff2ad15d10 DEOPT UNPACKING pc=0x000001ff3cf27da2 sp=0x000000a66a1fc330 mode 2
Event: 26.788 Thread 0x000001ff2ad15d10 Uncommon trap: trap_request=0xffffff45 fr.pc=0x000001ff3d74a9e8 relative=0x00000000000002a8
Event: 26.788 Thread 0x000001ff2ad15d10 Uncommon trap: reason=unstable_if action=reinterpret pc=0x000001ff3d74a9e8 method=java.util.concurrent.ConcurrentHashMap.get(Ljava/lang/Object;)Ljava/lang/Object; @ 86 c2
Event: 26.788 Thread 0x000001ff2ad15d10 DEOPT PACKING pc=0x000001ff3d74a9e8 sp=0x000000a66a1fc440
Event: 26.788 Thread 0x000001ff2ad15d10 DEOPT UNPACKING pc=0x000001ff3cf27da2 sp=0x000000a66a1fc3a8 mode 2

Classes loaded (20 events):
Event: 25.080 Loading class java/util/ArrayList$ListItr
Event: 25.081 Loading class java/util/ArrayList$ListItr done
Event: 25.193 Loading class java/util/AbstractList$SubList
Event: 25.193 Loading class java/util/AbstractList$SubList done
Event: 25.543 Loading class java/lang/reflect/AnnotatedArrayType
Event: 25.544 Loading class java/lang/reflect/AnnotatedArrayType done
Event: 25.772 Loading class java/lang/foreign/ValueLayout
Event: 25.776 Loading class java/lang/foreign/MemoryLayout
Event: 25.777 Loading class java/lang/foreign/MemoryLayout done
Event: 25.777 Loading class java/lang/foreign/ValueLayout done
Event: 26.468 Loading class javax/naming/Reference
Event: 26.468 Loading class javax/naming/Reference done
Event: 26.659 Loading class java/lang/SafeVarargs
Event: 26.659 Loading class java/lang/SafeVarargs done
Event: 26.661 Loading class sun/reflect/generics/reflectiveObjects/GenericArrayTypeImpl
Event: 26.661 Loading class sun/reflect/generics/reflectiveObjects/GenericArrayTypeImpl done
Event: 26.785 Loading class java/util/concurrent/ConcurrentHashMap$TreeNode
Event: 26.786 Loading class java/util/concurrent/ConcurrentHashMap$TreeNode done
Event: 26.786 Loading class java/util/concurrent/ConcurrentHashMap$TreeBin
Event: 26.787 Loading class java/util/concurrent/ConcurrentHashMap$TreeBin done

Classes unloaded (0 events):
No events

Classes redefined (0 events):
No events

Internal exceptions (20 events):
Event: 23.347 Thread 0x000001ff951585c0 Implicit null exception at 0x000001ff3d92099f to 0x000001ff3d921980
Event: 23.347 Thread 0x000001ff951585c0 Implicit null exception at 0x000001ff3d922a4a to 0x000001ff3d923b3c
Event: 24.204 Thread 0x000001ff2ad15d10 Exception <a 'java/lang/IncompatibleClassChangeError'{0x000000070c861eb0}: Found class java.lang.Object, but interface was expected> (0x000000070c861eb0) 
thrown [s\open\src\hotspot\share\interpreter\linkResolver.cpp, line 840]
Event: 24.248 Thread 0x000001ff2ad15d10 Exception <a 'java/lang/NoSuchMethodError'{0x000000070c9318d8}: 'java.lang.Object java.lang.invoke.DirectMethodHandle$Holder.invokeStaticInit(java.lang.Object, java.lang.Object, int, java.lang.Object)'> (0x000000070c9318d8) 
thrown [s\open\src\hotspot\share\interpreter\linkResolver.cpp, line 773]
Event: 25.984 Thread 0x000001ff2ad15d10 Exception <a 'java/lang/NoSuchMethodError'{0x000000070c8555b8}: 'java.lang.Object java.lang.invoke.DirectMethodHandle$Holder.newInvokeSpecial(java.lang.Object, java.lang.Object, int, java.lang.Object)'> (0x000000070c8555b8) 
thrown [s\open\src\hotspot\share\interpreter\linkResolver.cpp, line 773]
Event: 25.985 Thread 0x000001ff2ad15d10 Exception <a 'java/lang/NoSuchMethodError'{0x000000070c858f28}: 'java.lang.Object java.lang.invoke.Invokers$Holder.linkToTargetMethod(java.lang.Object, int, java.lang.Object, java.lang.Object)'> (0x000000070c858f28) 
thrown [s\open\src\hotspot\share\interpreter\linkResolver.cpp, line 773]
Event: 26.030 Thread 0x000001ff2ad15d10 Exception <a 'java/lang/NoSuchMethodError'{0x000000070c8b5808}: 'void java.lang.invoke.DirectMethodHandle$Holder.invokeSpecial(java.lang.Object, java.lang.Object, java.lang.Object, java.lang.Object, java.lang.Object, java.lang.Object, java.lang.Object, java.lang.Object)'> (0x000000070c8b5808) 
thrown [s\open\src\hotspot\share\interpreter\linkResolver.cpp, line 773]
Event: 26.205 Thread 0x000001ff2ad15d10 Exception <a 'java/lang/NoSuchMethodError'{0x000000070c64eaf8}: 'int java.lang.invoke.DirectMethodHandle$Holder.invokeStatic(java.lang.Object, int, java.lang.Object)'> (0x000000070c64eaf8) 
thrown [s\open\src\hotspot\share\interpreter\linkResolver.cpp, line 773]
Event: 26.209 Thread 0x000001ff2ad15d10 Exception <a 'java/lang/NoSuchMethodError'{0x000000070c66e110}: 'java.lang.Object java.lang.invoke.DirectMethodHandle$Holder.newInvokeSpecial(java.lang.Object, java.lang.Object, java.lang.Object, java.lang.Object, java.lang.Object, int, java.lang.Object)'> (0x000000070c66e110) 
thrown [s\open\src\hotspot\share\interpreter\linkResolver.cpp, line 773]
Event: 26.219 Thread 0x000001ff2ad15d10 Exception <a 'java/lang/NoSuchMethodError'{0x000000070c6a2cb8}: 'java.lang.Object java.lang.invoke.DirectMethodHandle$Holder.newInvokeSpecial(java.lang.Object, java.lang.Object, java.lang.Object, java.lang.Object, java.lang.Object, java.lang.Object, java.lang.Object, java.lang.Object, java.lang.Object, java.lang.Object, java.lang.Object, java.lang.Object)'> (0x000000070c6a2cb8) 
thrown [s\open\src\hotspot\share\interpreter\linkResolver.cpp, line 773]
Event: 26.220 Thread 0x000001ff2ad15d10 Exception <a 'java/lang/NoSuchMethodError'{0x000000070c6a7560}: 'java.lang.Object java.lang.invoke.DirectMethodHandle$Holder.invokeSpecial(java.lang.Object, java.lang.Object, java.lang.Object, java.lang.Object, java.lang.Object, java.lang.Object, java.lang.Object, java.lang.Object, java.lang.Object, java.lang.Object, java.lang.Object, java.lang.Object, java.lang.Object)'> (0x000000070c6a7560) 
thrown [s\open\src\hotspot\share\interpreter\linkResolver.cpp, line 773]
Event: 26.220 Thread 0x000001ff2ad15d10 Exception <a 'java/lang/NoSuchMethodError'{0x000000070c6aba48}: 'java.lang.Object java.lang.invoke.Invokers$Holder.linkToTargetMethod(java.lang.Object, java.lang.Object, java.lang.Object, java.lang.Object, java.lang.Object, java.lang.Object, java.lang.Object, java.lang.Object, java.lang.Object, java.lang.Object, java.lang.Object, java.lang.Object)'> (0x000000070c6aba48) 
thrown [s\open\src\hotspot\share\interpreter\linkResolver.cpp, line 773]
Event: 26.303 Thread 0x000001ff2ad15d10 Exception <a 'java/lang/NoSuchMethodError'{0x000000070c44f910}: 'java.lang.Object java.lang.invoke.DirectMethodHandle$Holder.newInvokeSpecial(java.lang.Object, java.lang.Object, java.lang.Object, java.lang.Object, java.lang.Object, java.lang.Object)'> (0x000000070c44f910) 
thrown [s\open\src\hotspot\share\interpreter\linkResolver.cpp, line 773]
Event: 26.325 Thread 0x000001ff2ad15d10 Exception <a 'java/lang/NoSuchMethodError'{0x000000070c4bb8b0}: 'java.lang.Object java.lang.invoke.DirectMethodHandle$Holder.newInvokeSpecial(java.lang.Object, java.lang.Object, java.lang.Object, java.lang.Object, java.lang.Object, java.lang.Object, java.lang.Object, int)'> (0x000000070c4bb8b0) 
thrown [s\open\src\hotspot\share\interpreter\linkResolver.cpp, line 773]
Event: 26.325 Thread 0x000001ff2ad15d10 Exception <a 'java/lang/NoSuchMethodError'{0x000000070c4bfe20}: 'java.lang.Object java.lang.invoke.DirectMethodHandle$Holder.invokeSpecial(java.lang.Object, java.lang.Object, java.lang.Object, java.lang.Object, java.lang.Object, java.lang.Object, java.lang.Object, java.lang.Object, int)'> (0x000000070c4bfe20) 
thrown [s\open\src\hotspot\share\interpreter\linkResolver.cpp, line 773]
Event: 26.326 Thread 0x000001ff2ad15d10 Exception <a 'java/lang/NoSuchMethodError'{0x000000070c4c3e48}: 'java.lang.Object java.lang.invoke.Invokers$Holder.linkToTargetMethod(java.lang.Object, java.lang.Object, java.lang.Object, java.lang.Object, java.lang.Object, java.lang.Object, int, java.lang.Object)'> (0x000000070c4c3e48) 
thrown [s\open\src\hotspot\share\interpreter\linkResolver.cpp, line 773]
Event: 26.372 Thread 0x000001ff2ad15d10 Exception <a 'java/lang/NoSuchMethodError'{0x000000070c591970}: 'void java.lang.invoke.DirectMethodHandle$Holder.invokeInterface(java.lang.Object, java.lang.Object)'> (0x000000070c591970) 
thrown [s\open\src\hotspot\share\interpreter\linkResolver.cpp, line 773]
Event: 26.499 Thread 0x000001ff2ad15d10 Exception <a 'java/lang/NoSuchMethodError'{0x000000070c157538}: 'void java.lang.invoke.Invokers$Holder.invokeExact_MT(java.lang.Object, java.lang.Object, java.lang.Object, java.lang.Object)'> (0x000000070c157538) 
thrown [s\open\src\hotspot\share\interpreter\linkResolver.cpp, line 773]
Event: 26.633 Thread 0x000001ff2ad15d10 Implicit null exception at 0x000001ff3d61df77 to 0x000001ff3d61e1e8
Event: 26.787 Thread 0x000001ff2ad15d10 Exception <a 'java/lang/IncompatibleClassChangeError'{0x0000000714afb638}: Found class java.lang.Object, but interface was expected> (0x0000000714afb638) 
thrown [s\open\src\hotspot\share\interpreter\linkResolver.cpp, line 840]

ZGC Phase Switch (0 events):
No events

VM Operations (20 events):
Event: 23.043 Executing VM operation: G1CollectForAllocation (G1 Evacuation Pause)
Event: 23.048 Executing VM operation: G1CollectForAllocation (G1 Evacuation Pause) done
Event: 24.049 Executing VM operation: Cleanup
Event: 24.049 Executing VM operation: Cleanup done
Event: 24.603 Executing VM operation: G1CollectForAllocation (G1 Evacuation Pause)
Event: 24.609 Executing VM operation: G1CollectForAllocation (G1 Evacuation Pause) done
Event: 24.738 Executing VM operation: CollectForMetadataAllocation (Metadata GC Threshold)
Event: 24.742 Executing VM operation: CollectForMetadataAllocation (Metadata GC Threshold) done
Event: 24.782 Executing VM operation: G1PauseRemark
Event: 24.788 Executing VM operation: G1PauseRemark done
Event: 24.802 Executing VM operation: G1PauseCleanup
Event: 24.802 Executing VM operation: G1PauseCleanup done
Event: 25.083 Executing VM operation: HandshakeAllThreads (Deoptimize)
Event: 25.083 Executing VM operation: HandshakeAllThreads (Deoptimize) done
Event: 26.083 Executing VM operation: Cleanup
Event: 26.083 Executing VM operation: Cleanup done
Event: 26.539 Executing VM operation: G1CollectForAllocation (G1 Evacuation Pause)
Event: 26.544 Executing VM operation: G1CollectForAllocation (G1 Evacuation Pause) done
Event: 26.616 Executing VM operation: HandshakeAllThreads (Deoptimize)
Event: 26.616 Executing VM operation: HandshakeAllThreads (Deoptimize) done

Events (20 events):
Event: 24.786 Thread 0x000001ff49bf5c00 flushing nmethod 0x000001ff35e10c10
Event: 24.786 Thread 0x000001ff49bf5c00 flushing nmethod 0x000001ff35e11b10
Event: 24.786 Thread 0x000001ff49bf5c00 flushing nmethod 0x000001ff35e1bf10
Event: 24.786 Thread 0x000001ff49bf5c00 flushing nmethod 0x000001ff35f49e10
Event: 24.786 Thread 0x000001ff49bf5c00 flushing nmethod 0x000001ff35f4a310
Event: 24.786 Thread 0x000001ff49bf5c00 flushing nmethod 0x000001ff35f71690
Event: 24.786 Thread 0x000001ff49bf5c00 flushing nmethod 0x000001ff35f74b90
Event: 24.786 Thread 0x000001ff49bf5c00 flushing nmethod 0x000001ff35f7a710
Event: 24.786 Thread 0x000001ff49bf5c00 flushing nmethod 0x000001ff35ff5a10
Event: 24.786 Thread 0x000001ff49bf5c00 flushing nmethod 0x000001ff35ff7b90
Event: 24.786 Thread 0x000001ff49bf5c00 flushing nmethod 0x000001ff36067810
Event: 24.786 Thread 0x000001ff49bf5c00 flushing nmethod 0x000001ff36067c10
Event: 24.786 Thread 0x000001ff49bf5c00 flushing nmethod 0x000001ff36068390
Event: 24.786 Thread 0x000001ff49bf5c00 flushing nmethod 0x000001ff36068790
Event: 24.786 Thread 0x000001ff49bf5c00 flushing nmethod 0x000001ff3606a010
Event: 24.786 Thread 0x000001ff49bf5c00 flushing nmethod 0x000001ff361f9210
Event: 24.786 Thread 0x000001ff49bf5c00 flushing nmethod 0x000001ff36347b90
Event: 24.786 Thread 0x000001ff49bf5c00 flushing nmethod 0x000001ff3635e790
Event: 26.490 Thread 0x000001ff95a09b90 Thread added: 0x000001ff95a09b90
Event: 26.558 Thread 0x000001ff95a0b6d0 Thread added: 0x000001ff95a0b6d0


Dynamic libraries:
0x00007ff655a30000 - 0x00007ff655a40000 	C:\Program Files\jdk-21_windows-x64_bin\jdk-21.0.8\bin\java.exe
0x00007ff84da00000 - 0x00007ff84dc68000 	C:\Windows\SYSTEM32\ntdll.dll
0x00007ff84cd70000 - 0x00007ff84ce39000 	C:\Windows\System32\KERNEL32.DLL
0x00007ff84ab50000 - 0x00007ff84af48000 	C:\Windows\System32\KERNELBASE.dll
0x00007ff84b650000 - 0x00007ff84b79b000 	C:\Windows\System32\ucrtbase.dll
0x00007ff82bf00000 - 0x00007ff82bf19000 	C:\Program Files\jdk-21_windows-x64_bin\jdk-21.0.8\bin\jli.dll
0x00007ff84d820000 - 0x00007ff84d8d4000 	C:\Windows\System32\ADVAPI32.dll
0x00007ff82be50000 - 0x00007ff82be6b000 	C:\Program Files\jdk-21_windows-x64_bin\jdk-21.0.8\bin\VCRUNTIME140.dll
0x00007ff84d8e0000 - 0x00007ff84d989000 	C:\Windows\System32\msvcrt.dll
0x00007ff84ce40000 - 0x00007ff84cee6000 	C:\Windows\System32\sechost.dll
0x00007ff84d700000 - 0x00007ff84d818000 	C:\Windows\System32\RPCRT4.dll
0x00007ff84d430000 - 0x00007ff84d5f7000 	C:\Windows\System32\USER32.dll
0x00007ff82c950000 - 0x00007ff82cbe4000 	C:\Windows\WinSxS\amd64_microsoft.windows.common-controls_6595b64144ccf1df_6.0.26100.7019_none_3e06ffa0e335b8a8\COMCTL32.dll
0x00007ff84d290000 - 0x00007ff84d2bb000 	C:\Windows\System32\GDI32.dll
0x00007ff84b620000 - 0x00007ff84b647000 	C:\Windows\System32\win32u.dll
0x00007ff84b210000 - 0x00007ff84b33c000 	C:\Windows\System32\gdi32full.dll
0x00007ff84b340000 - 0x00007ff84b3e3000 	C:\Windows\System32\msvcp_win.dll
0x00007ff836ef0000 - 0x00007ff836efb000 	C:\Windows\SYSTEM32\VERSION.dll
0x00007ff84ba30000 - 0x00007ff84ba61000 	C:\Windows\System32\IMM32.DLL
0x000001ff2afc0000 - 0x000001ff2afd6000 	C:\Windows\System32\umppc20309.dll
0x000001ff2b020000 - 0x000001ff2b034000 	C:\Windows\System32\CsXumd64_20309.dll
0x000000005a030000 - 0x000000005a0a1000 	C:\Windows\System32\QIPCAP64.dll
0x00007ff84c610000 - 0x00007ff84cd5f000 	C:\Windows\System32\SHELL32.dll
0x00007ff84af50000 - 0x00007ff84b0bb000 	C:\Windows\System32\wintypes.dll
0x00007ff84cef0000 - 0x00007ff84d27b000 	C:\Windows\System32\combase.dll
0x00007ff84c4a0000 - 0x00007ff84c577000 	C:\Windows\System32\OLEAUT32.dll
0x00007ff849080000 - 0x00007ff8491ac000 	C:\Windows\SYSTEM32\DNSAPI.dll
0x00007ff848fe0000 - 0x00007ff849014000 	C:\Windows\SYSTEM32\IPHLPAPI.DLL
0x00007ff84c580000 - 0x00007ff84c58a000 	C:\Windows\System32\NSI.dll
0x00007ff82bfa0000 - 0x00007ff82bfac000 	C:\Program Files\jdk-21_windows-x64_bin\jdk-21.0.8\bin\vcruntime140_1.dll
0x00007ffff3d70000 - 0x00007ffff3dfe000 	C:\Program Files\jdk-21_windows-x64_bin\jdk-21.0.8\bin\msvcp140.dll
0x00007fff77400000 - 0x00007fff7811d000 	C:\Program Files\jdk-21_windows-x64_bin\jdk-21.0.8\bin\server\jvm.dll
0x00007ff84ba70000 - 0x00007ff84bae4000 	C:\Windows\System32\WS2_32.dll
0x00007ff84a9b0000 - 0x00007ff84aa0e000 	C:\Windows\SYSTEM32\POWRPROF.dll
0x00007ff840820000 - 0x00007ff840855000 	C:\Windows\SYSTEM32\WINMM.dll
0x00007ff84a990000 - 0x00007ff84a9a4000 	C:\Windows\SYSTEM32\UMPDC.dll
0x00007ff8497a0000 - 0x00007ff8497bb000 	C:\Windows\SYSTEM32\kernel.appcore.dll
0x00007ff82a820000 - 0x00007ff82a82a000 	C:\Program Files\jdk-21_windows-x64_bin\jdk-21.0.8\bin\jimage.dll
0x00007ff847e80000 - 0x00007ff8480c2000 	C:\Windows\SYSTEM32\DBGHELP.DLL
0x00007ff82b170000 - 0x00007ff82b1ac000 	C:\Windows\SYSTEM32\dbgcore.DLL
0x00007ff84b3f0000 - 0x00007ff84b495000 	C:\Windows\System32\bcryptPrimitives.dll
0x00007ff800cc0000 - 0x00007ff800ccf000 	C:\Program Files\jdk-21_windows-x64_bin\jdk-21.0.8\bin\instrument.dll
0x00007ff80f2d0000 - 0x00007ff80f2ef000 	C:\Program Files\jdk-21_windows-x64_bin\jdk-21.0.8\bin\java.dll
0x00007ff848550000 - 0x00007ff848dad000 	C:\Windows\SYSTEM32\windows.storage.dll
0x00007ff84d600000 - 0x00007ff84d6f2000 	C:\Windows\System32\SHCORE.dll
0x00007ff84b8b0000 - 0x00007ff84b917000 	C:\Windows\System32\shlwapi.dll
0x00007ff84aa70000 - 0x00007ff84aa99000 	C:\Windows\SYSTEM32\profapi.dll
0x00007ffff3c30000 - 0x00007ffff3d07000 	C:\Program Files\jdk-21_windows-x64_bin\jdk-21.0.8\bin\jsvml.dll
0x00007ff808a40000 - 0x00007ff808a58000 	C:\Program Files\jdk-21_windows-x64_bin\jdk-21.0.8\bin\zip.dll
0x00007ff80f2c0000 - 0x00007ff80f2d0000 	C:\Program Files\jdk-21_windows-x64_bin\jdk-21.0.8\bin\net.dll
0x00007ff8497c0000 - 0x00007ff8498e8000 	C:\Windows\SYSTEM32\WINHTTP.dll
0x00007ff849e20000 - 0x00007ff849e8b000 	C:\Windows\system32\mswsock.dll
0x00007ff808ac0000 - 0x00007ff808ad6000 	C:\Program Files\jdk-21_windows-x64_bin\jdk-21.0.8\bin\nio.dll
0x00007ff808a10000 - 0x00007ff808a19000 	C:\Program Files\jdk-21_windows-x64_bin\jdk-21.0.8\bin\extnet.dll
0x00007ff8399b0000 - 0x00007ff8399bb000 	C:\Windows\System32\rasadhlp.dll
0x00007ff83a870000 - 0x00007ff83a8f6000 	C:\Windows\System32\fwpuclnt.dll
0x00007ff8064e0000 - 0x00007ff8064ee000 	C:\Program Files\jdk-21_windows-x64_bin\jdk-21.0.8\bin\sunmscapi.dll
0x00007ff84b4a0000 - 0x00007ff84b617000 	C:\Windows\System32\CRYPT32.dll
0x00007ff84a360000 - 0x00007ff84a390000 	C:\Windows\SYSTEM32\ncrypt.dll
0x00007ff84a310000 - 0x00007ff84a34f000 	C:\Windows\SYSTEM32\NTASN1.dll
0x00007ff8064f0000 - 0x00007ff806500000 	C:\Program Files\jdk-21_windows-x64_bin\jdk-21.0.8\bin\verify.dll
0x00007ff84a210000 - 0x00007ff84a22b000 	C:\Windows\SYSTEM32\CRYPTSP.dll
0x00007ff849700000 - 0x00007ff84973a000 	C:\Windows\system32\rsaenh.dll
0x00007ff849ed0000 - 0x00007ff849efb000 	C:\Windows\SYSTEM32\USERENV.dll
0x00007ff84aa40000 - 0x00007ff84aa6a000 	C:\Windows\SYSTEM32\bcrypt.dll
0x00007ff84a1f0000 - 0x00007ff84a1fc000 	C:\Windows\SYSTEM32\CRYPTBASE.dll
0x00007ff808a30000 - 0x00007ff808a3a000 	C:\Program Files\jdk-21_windows-x64_bin\jdk-21.0.8\bin\management.dll
0x00007ff808a20000 - 0x00007ff808a2b000 	C:\Program Files\jdk-21_windows-x64_bin\jdk-21.0.8\bin\management_ext.dll
0x000001ff2d4c0000 - 0x000001ff2d4c8000 	C:\Windows\System32\PSAPI.DLL

dbghelp: loaded successfully - version: 4.0.5 - missing functions: none
symbol engine: initialized successfully - sym options: 0x614 - pdb path: .;C:\Program Files\jdk-21_windows-x64_bin\jdk-21.0.8\bin;C:\Windows\SYSTEM32;C:\Windows\WinSxS\amd64_microsoft.windows.common-controls_6595b64144ccf1df_6.0.26100.7019_none_3e06ffa0e335b8a8;C:\Program Files\jdk-21_windows-x64_bin\jdk-21.0.8\bin\server

VM Arguments:
jvm_args: -javaagent:C:\Program Files\JetBrains\IntelliJ IDEA 2025.2.3\lib\idea_rt.jar=63584 -Dfile.encoding=UTF-8 -Dsun.stdout.encoding=UTF-8 -Dsun.stderr.encoding=UTF-8 
java_command: com.market.historicalservice.historicalserviceApplication
java_class_path (initial): C:\dev\market-platform\historical-service\target\classes;C:\Users\Chowdam.Gopi\.m2\repository\io\micrometer\micrometer-registry-prometheus\1.12.13\micrometer-registry-prometheus-1.12.13.jar;C:\Users\Chowdam.Gopi\.m2\repository\io\micrometer\micrometer-core\1.12.13\micrometer-core-1.12.13.jar;C:\Users\Chowdam.Gopi\.m2\repository\io\micrometer\micrometer-commons\1.12.13\micrometer-commons-1.12.13.jar;C:\Users\Chowdam.Gopi\.m2\repository\org\hdrhistogram\HdrHistogram\2.1.12\HdrHistogram-2.1.12.jar;C:\Users\Chowdam.Gopi\.m2\repository\org\latencyutils\LatencyUtils\2.0.3\LatencyUtils-2.0.3.jar;C:\Users\Chowdam.Gopi\.m2\repository\io\prometheus\simpleclient_common\0.16.0\simpleclient_common-0.16.0.jar;C:\Users\Chowdam.Gopi\.m2\repository\io\prometheus\simpleclient\0.16.0\simpleclient-0.16.0.jar;C:\Users\Chowdam.Gopi\.m2\repository\io\prometheus\simpleclient_tracer_otel\0.16.0\simpleclient_tracer_otel-0.16.0.jar;C:\Users\Chowdam.Gopi\.m2\repository\io\prometheus\simpleclient_tracer_common\0.16.0\simpleclient_tracer_common-0.16.0.jar;C:\Users\Chowdam.Gopi\.m2\repository\io\prometheus\simpleclient_tracer_otel_agent\0.16.0\simpleclient_tracer_otel_agent-0.16.0.jar;C:\dev\market-platform\quotes-common\target\classes;C:\Users\Chowdam.Gopi\.m2\repository\org\postgresql\postgresql\42.7.5\postgresql-42.7.5.jar;C:\Users\Chowdam.Gopi\.m2\repository\org\checkerframework\checker-qual\3.48.3\checker-qual-3.48.3.jar;C:\Users\Chowdam.Gopi\.m2\repository\org\springframework\kafka\spring-kafka\3.1.10\spring-kafka-3.1.10.jar;C:\Users\Chowdam.Gopi\.m2\repository\org\springframework\spring-context\6.1.15\spring-context-6.1.15.jar;C:\Users\Chowdam.Gopi\.m2\repository\org\springframework\spring-aop\6.1.15\spring-aop-6.1.15.jar;C:\Users\Chowdam.Gopi\.m2\repository\org\springframework\spring-beans\6.1.15\spring-beans-6.1.15.jar;C:\Users\Chowdam.Gopi\.m2\repository\org\springframework\spring-expression\6.1.15\spring-expression-6.1.15.jar;C:\Users\Chowdam.Gopi\.m2\repository\org\springframework\spring-messaging\6.1.15\spring-messaging-6.1.15.jar;C:\Users\Chowdam.Gopi\.m2\repository\org\springframework\spring-tx\6.1.15\spring-tx-6.1.15.jar;C:\Users\Chowdam.Gopi\.m2\repository\org\springframework\retry\spring-retry\2.0.10\spring-retry-2.0.10.jar;C:\Users\Chowdam.Gopi\.m2\repository\org\apache\kafka\kafka-clients\3.6.2\kafka-clients-3.6.2.jar;C:\Users\Chowdam.Gopi\.m2\repository\com\github\luben\zstd-jni\1.5.5-1\zstd-jni-1.5.5-1.jar;C:\Users\Chowdam.Gopi\.m2\repository\org\lz4\lz4-java\1.8.0\lz4-java-1.8.0.jar;C:\Users\Chowdam.Gopi\.m2\repository\org\xerial\snappy\snappy-java\1.1.10.5\snappy-java-1.1.10.5.jar;C:\Users\Chowdam.Gopi\.m2\repository\com\google\code\findbugs\jsr305\3.0.2\jsr305-3.0.2.jar;C:\Users\Chowdam.Gopi\.m2\repository\com\fasterxml\jackson\core\jackson-databind\2.15.4\jackson-databind-2.15.4.jar;C:\Users\Chowdam.Gopi\.m2\repository\com\fasterxml\jackson\core\jackson-annotations\2.15.4\jackson-annotations-2.15.4.jar;C:\Users\Chowdam.Gopi\.m2\repository\com\fasterxml\jackson\core\jackson-core\2.15.4\jackson-core-2.15.4.jar;C:\Users\Chowdam.Gopi\.m2\repository\org\springframework\boot\spring-boot-starter-web\3.2.12\spring-boot-starter-web-3.2.12.jar;C:\Users\Chowdam.Gopi\.m2\repository\org\springframework\boot\spring-boot-starter\3.2.12\spring-boot-starter-3.2.12.jar;C:\Users\Chowdam.Gopi\.m2\repository\org\springframework\boot\spring-boot\3.2.12\spring-boot-3.2.12.jar;C:\Users\Chowdam.Gopi\.m2\repository\org\springframework\boot\spring-boot-autoconfigure\3.2.12\spring-boot-autoconfigure-3.2.12.jar;C:\Users\Chowdam.Gopi\.m2\repository\org\springframework\boot\spring-boot-starter-logging\3.2.12\spring-boot-starter-logging-3.2.12.jar;C:\Users\Chowdam.Gopi\.m2\repository\ch\qos\logback\logback-classic\1.4.14\logback-classic-1.4.14.jar;C:\Users\Chowdam.Gopi\.m2\repository\ch\qos\logback\logback-core\1.4.14\logback-core-1.4.14.jar;C:\Users\Chowdam.Gopi\.m2\repository\org\apache\logging\log4j\log4j-to-slf4j\2.21.1\log4j-to-slf4j-2.21.1.jar;C:\Users\Chowdam.Gopi\.m2\repository\org\apache\logging\log4j\log4j-api\2.21.1\log4j-api-2.21.1.jar;C:\Users\Chowdam.Gopi\.m2\repository\org\slf4j\jul-to-slf4j\2.0.16\jul-to-slf4j-2.0.16.jar;C:\Users\Chowdam.Gopi\.m2\repository\jakarta\annotation\jakarta.annotation-api\2.1.1\jakarta.annotation-api-2.1.1.jar;C:\Users\Chowdam.Gopi\.m2\repository\org\yaml\snakeyaml\2.2\snakeyaml-2.2.jar;C:\Users\Chowdam.Gopi\.m2\repository\org\springframework\boot\spring-boot-starter-json\3.2.12\spring-boot-starter-json-3.2.12.jar;C:\Users\Chowdam.Gopi\.m2\repository\com\fasterxml\jackson\datatype\jackson-datatype-jdk8\2.15.4\jackson-datatype-jdk8-2.15.4.jar;C:\Users\Chowdam.Gopi\.m2\repository\com\fasterxml\jackson\datatype\jackson-datatype-jsr310\2.15.4\jackson-datatype-jsr310-2.15.4.jar;C:\Users\Chowdam.Gopi\.m2\repository\com\fasterxml\jackson\module\jackson-module-parameter-names\2.15.4\jackson-module-parameter-names-2.15.4.jar;C:\Users\Chowdam.Gopi\.m2\repository\org\springframework\boot\spring-boot-starter-tomcat\3.2.12\spring-boot-starter-tomcat-3.2.12.jar;C:\Users\Chowdam.Gopi\.m2\repository\org\apache\tomcat\embed\tomcat-embed-core\10.1.33\tomcat-embed-core-10.1.33.jar;C:\Users\Chowdam.Gopi\.m2\repository\org\apache\tomcat\embed\tomcat-embed-el\10.1.33\tomcat-embed-el-10.1.33.jar;C:\Users\Chowdam.Gopi\.m2\repository\org\apache\tomcat\embed\tomcat-embed-websocket\10.1.33\tomcat-embed-websocket-10.1.33.jar;C:\Users\Chowdam.Gopi\.m2\repository\org\springframework\spring-web\6.1.15\spring-web-6.1.15.jar;C:\Users\Chowdam.Gopi\.m2\repository\org\springframework\spring-webmvc\6.1.15\spring-webmvc-6.1.15.jar;C:\Users\Chowdam.Gopi\.m2\repository\org\springframework\boot\spring-boot-starter-actuator\3.2.12\spring-boot-starter-actuator-3.2.12.jar;C:\Users\Chowdam.Gopi\.m2\repository\org\springframework\boot\spring-boot-actuator-autoconfigure\3.2.12\spring-boot-actuator-autoconfigure-3.2.12.jar;C:\Users\Chowdam.Gopi\.m2\repository\org\springframework\boot\spring-boot-actuator\3.2.12\spring-boot-actuator-3.2.12.jar;C:\Users\Chowdam.Gopi\.m2\repository\io\micrometer\micrometer-observation\1.12.13\micrometer-observation-1.12.13.jar;C:\Users\Chowdam.Gopi\.m2\repository\io\micrometer\micrometer-jakarta9\1.12.13\micrometer-jakarta9-1.12.13.jar;C:\Users\Chowdam.Gopi\.m2\repository\io\zipkin\reporter2\zipkin-reporter-brave\2.16.3\zipkin-reporter-brave-2.16.3.jar;C:\Users\Chowdam.Gopi\.m2\repository\io\zipkin\reporter2\zipkin-reporter\2.16.3\zipkin-reporter-2.16.3.jar;C:\Users\Chowdam.Gopi\.m2\repository\io\zipkin\zipkin2\zipkin\2.23.2\zipkin-2.23.2.jar;C:\Users\Chowdam.Gopi\.m2\repository\io\micrometer\micrometer-tracing-bridge-brave\1.2.12\micrometer-tracing-bridge-brave-1.2.12.jar;C:\Users\Chowdam.Gopi\.m2\repository\io\micrometer\micrometer-tracing\1.2.12\micrometer-tracing-1.2.12.jar;C:\Users\Chowdam.Gopi\.m2\repository\io\micrometer\context-propagation\1.1.2\context-propagation-1.1.2.jar;C:\Users\Chowdam.Gopi\.m2\repository\aopalliance\aopalliance\1.0\aopalliance-1.0.jar;C:\Users\Chowdam.Gopi\.m2\repository\org\slf4j\slf4j-api\2.0.16\slf4j-api-2.0.16.jar;C:\Users\Chowdam.Gopi\.m2\repository\io\zipkin\brave\brave\5.16.0\brave-5.16.0.jar;C:\Users\Chowdam.Gopi\.m2\repository\io\zipkin\brave\brave-context-slf4j\5.16.0\brave-context-slf4j-5.16.0.jar;C:\Users\Chowdam.Gopi\.m2\repository\io\zipkin\brave\brave-instrumentation-http\5.16.0\brave-instrumentation-http-5.16.0.jar;C:\Users\Chowdam.Gopi\.m2\repository\io\zipkin\aws\brave-propagation-aws\0.23.5\brave-propagation-aws-0.23.5.jar;C:\Users\Chowdam.Gopi\.m2\repository\org\springframework\boot\spring-boot-starter-data-jpa\3.2.12\spring-boot-starter-data-jpa-3.2.12.jar;C:\Users\Chowdam.Gopi\.m2\repository\org\springframework\boot\spring-boot-starter-aop\3.2.12\spring-boot-starter-aop-3.2.12.jar;C:\Users\Chowdam.Gopi\.m2\repository\org\aspectj\aspectjweaver\1.9.22.1\aspectjweaver-1.9.22.1.jar;C:\Users\Chowdam.Gopi\.m2\repository\org\springframework\boot\spring-boot-starter-jdbc\3.2.12\spring-boot-starter-jdbc-3.2.12.jar;C:\Users\Chowdam.Gopi\.m2\repository\com\zaxxer\HikariCP\5.0.1\HikariCP-5.0.1.jar;C:\Users\Chowdam.Gopi\.m2\repository\org\springframework\spring-jdbc\6.1.15\spring-jdbc-6.1.15.jar;C:\Users\Chowdam.Gopi\.m2\repository\org\hibernate\orm\hibernate-core\6.4.10.Final\hibernate-core-6.4.10.Final.jar;C:\Users\Chowdam.Gopi\.m2\repository\jakarta\persistence\jakarta.persistence-api\3.1.0\jakarta.persistence-api-3.1.0.jar;C:\Users\Chowdam.Gopi\.m2\repository\jakarta\transaction\jakarta.transaction-api\2.0.1\jakarta.transaction-api-2.0.1.jar;C:\Users\Chowdam.Gopi\.m2\repository\org\jboss\logging\jboss-logging\3.5.3.Final\jboss-logging-3.5.3.Final.jar;C:\Users\Chowdam.Gopi\.m2\repository\org\hibernate\common\hibernate-commons-annotations\6.0.6.Final\hibernate-commons-annotations-6.0.6.Final.jar;C:\Users\Chowdam.Gopi\.m2\repository\io\smallrye\jandex\3.1.2\jandex-3.1.2.jar;C:\Users\Chowdam.Gopi\.m2\repository\com\fasterxml\classmate\1.6.0\classmate-1.6.0.jar;C:\Users\Chowdam.Gopi\.m2\repository\net\bytebuddy\byte-buddy\1.14.19\byte-buddy-1.14.19.jar;C:\Users\Chowdam.Gopi\.m2\repository\org\glassfish\jaxb\jaxb-runtime\4.0.5\jaxb-runtime-4.0.5.jar;C:\Users\Chowdam.Gopi\.m2\repository\org\glassfish\jaxb\jaxb-core\4.0.5\jaxb-core-4.0.5.jar;C:\Users\Chowdam.Gopi\.m2\repository\org\eclipse\angus\angus-activation\2.0.2\angus-activation-2.0.2.jar;C:\Users\Chowdam.Gopi\.m2\repository\org\glassfish\jaxb\txw2\4.0.5\txw2-4.0.5.jar;C:\Users\Chowdam.Gopi\.m2\repository\com\sun\istack\istack-commons-runtime\4.1.2\istack-commons-runtime-4.1.2.jar;C:\Users\Chowdam.Gopi\.m2\repository\jakarta\inject\jakarta.inject-api\2.0.1\jakarta.inject-api-2.0.1.jar;C:\Users\Chowdam.Gopi\.m2\repository\org\antlr\antlr4-runtime\4.13.0\antlr4-runtime-4.13.0.jar;C:\Users\Chowdam.Gopi\.m2\repository\org\springframework\data\spring-data-jpa\3.2.12\spring-data-jpa-3.2.12.jar;C:\Users\Chowdam.Gopi\.m2\repository\org\springframework\data\spring-data-commons\3.2.12\spring-data-commons-3.2.12.jar;C:\Users\Chowdam.Gopi\.m2\repository\org\springframework\spring-orm\6.1.15\spring-orm-6.1.15.jar;C:\Users\Chowdam.Gopi\.m2\repository\org\springframework\spring-aspects\6.1.15\spring-aspects-6.1.15.jar;C:\Users\Chowdam.Gopi\.m2\repository\com\h2database\h2\2.2.224\h2-2.2.224.jar;C:\Users\Chowdam.Gopi\.m2\repository\org\springframework\cloud\spring-cloud-starter-netflix-eureka-client\4.1.5\spring-cloud-starter-netflix-eureka-client-4.1.5.jar;C:\Users\Chowdam.Gopi\.m2\repository\org\springframework\cloud\spring-cloud-starter\4.1.5\spring-cloud-starter-4.1.5.jar;C:\Users\Chowdam.Gopi\.m2\repository\org\springframework\cloud\spring-cloud-context\4.1.5\spring-cloud-context-4.1.5.jar;C:\Users\Chowdam.Gopi\.m2\repository\org\springframework\security\spring-security-crypto\6.2.8\spring-security-crypto-6.2.8.jar;C:\Users\Chowdam.Gopi\.m2\repository\org\springframework\cloud\spring-cloud-commons\4.1.5\spring-cloud-commons-4.1.5.jar;C:\Users\Chowdam.Gopi\.m2\repository\org\springframework\security\spring-security-rsa\1.1.3\spring-security-rsa-1.1.3.jar;C:\Users\Chowdam.Gopi\.m2\repository\org\bouncycastle\bcprov-jdk18on\1.78\bcprov-jdk18on-1.78.jar;C:\Users\Chowdam.Gopi\.m2\repository\org\springframework\cloud\spring-cloud-netflix-eureka-client\4.1.5\spring-cloud-netflix-eureka-client-4.1.5.jar;C:\Users\Chowdam.Gopi\.m2\repository\org\apache\httpcomponents\client5\httpclient5\5.2.3\httpclient5-5.2.3.jar;C:\Users\Chowdam.Gopi\.m2\repository\org\apache\httpcomponents\core5\httpcore5\5.2.5\httpcore5-5.2.5.jar;C:\Users\Chowdam.Gopi\.m2\repository\org\apache\httpcomponents\core5\httpcore5-h2\5.2.5\httpcore5-h2-5.2.5.jar;C:\Users\Chowdam.Gopi\.m2\repository\com\netflix\eureka\eureka-client\2.0.4\eureka-client-2.0.4.jar;C:\Users\Chowdam.Gopi\.m2\repository\com\thoughtworks\xstream\xstream\1.4.20\xstream-1.4.20.jar;C:\Users\Chowdam.Gopi\.m2\repository\io\github\x-stream\mxparser\1.2.2\mxparser-1.2.2.jar;C:\Users\Chowdam.Gopi\.m2\repository\xmlpull\xmlpull\1.1.3.1\xmlpull-1.1.3.1.jar;C:\Users\Chowdam.Gopi\.m2\repository\jakarta\ws\rs\jakarta.ws.rs-api\3.1.0\jakarta.ws.rs-api-3.1.0.jar;C:\Users\Chowdam.Gopi\.m2\repository\com\netflix\spectator\spectator-api\1.7.3\spectator-api-1.7.3.jar;C:\Users\Chowdam.Gopi\.m2\repository\org\apache\httpcomponents\httpclient\4.5.3\httpclient-4.5.3.jar;C:\Users\Chowdam.Gopi\.m2\repository\org\apache\httpcomponents\httpcore\4.4.16\httpcore-4.4.16.jar;C:\Users\Chowdam.Gopi\.m2\repository\commons-codec\commons-codec\1.16.1\commons-codec-1.16.1.jar;C:\Users\Chowdam.Gopi\.m2\repository\commons-configuration\commons-configuration\1.10\commons-configuration-1.10.jar;C:\Users\Chowdam.Gopi\.m2\repository\commons-lang\commons-lang\2.6\commons-lang-2.6.jar;C:\Users\Chowdam.Gopi\.m2\repository\com\netflix\netflix-commons\netflix-eventbus\0.3.0\netflix-eventbus-0.3.0.jar;C:\Users\Chowdam.Gopi\.m2\repository\com\netflix\netflix-commons\netflix-infix\0.3.0\netflix-infix-0.3.0.jar;C:\Users\Chowdam.Gopi\.m2\repository\commons-jxpath\commons-jxpath\1.3\commons-jxpath-1.3.jar;C:\Users\Chowdam.Gopi\.m2\repository\joda-time\joda-time\2.3\joda-time-2.3.jar;C:\Users\Chowdam.Gopi\.m2\repository\org\antlr\antlr-runtime\3.4\antlr-runtime-3.4.jar;C:\Users\Chowdam.Gopi\.m2\repository\org\antlr\stringtemplate\3.2.1\stringtemplate-3.2.1.jar;C:\Users\Chowdam.Gopi\.m2\repository\antlr\antlr\2.7.7\antlr-2.7.7.jar;C:\Users\Chowdam.Gopi\.m2\repository\com\google\code\gson\gson\2.10.1\gson-2.10.1.jar;C:\Users\Chowdam.Gopi\.m2\repository\com\netflix\servo\servo-core\0.5.3\servo-core-0.5.3.jar;C:\Users\Chowdam.Gopi\.m2\repository\org\apache\commons\commons-math\2.2\commons-math-2.2.jar;C:\Users\Chowdam.Gopi\.m2\repository\javax\annotation\javax.annotation-api\1.2\javax.annotation-api-1.2.jar;C:\Users\Chowdam.Gopi\.m2\repository\org\codehaus\jettison\jettison\1.5.4\jettison-1.5.4.jar;C:\Users\Chowdam.Gopi\.m2\repository\com\netflix\eureka\eureka-core\2.0.4\eureka-core-2.0.4.jar;C:\Users\Chowdam.Gopi\.m2\repository\com\fasterxml\woodstox\woodstox-core\6.4.0\woodstox-core-6.4.0.jar;C:\Users\Chowdam.Gopi\.m2\repository\org\codehaus\woodstox\stax2-api\4.2.1\stax2-api-4.2.1.jar;C:\Users\Chowdam.Gopi\.m2\repository\com\google\guava\guava\33.0.0-jre\guava-33.0.0-jre.jar;C:\Users\Chowdam.Gopi\.m2\repository\com\google\guava\failureaccess\1.0.2\failureaccess-1.0.2.jar;C:\Users\Chowdam.Gopi\.m2\repository\com\google\guava\listenablefuture\9999.0-empty-to-avoid-conflict-with-guava\listenablefuture-9999.0-empty-to-avoid-conflict-with-guava.jar;C:\Users\Chowdam.Gopi\.m2\repository\com\google\j2objc\j2objc-annotations\2.8\j2objc-annotations-2.8.jar;C:\Users\Chowdam.Gopi\.m2\repository\org\springframework\cloud\spring-cloud-starter-loadbalancer\4.1.5\spring-cloud-starter-loadbalancer-4.1.5.jar;C:\Users\Chowdam.Gopi\.m2\repository\org\springframework\cloud\spring-cloud-loadbalancer\4.1.5\spring-cloud-loadbalancer-4.1.5.jar;C:\Users\Chowdam.Gopi\.m2\repository\io\projectreactor\reactor-core\3.6.12\reactor-core-3.6.12.jar;C:\Users\Chowdam.Gopi\.m2\repository\org\reactivestreams\reactive-streams\1.0.4\reactive-streams-1.0.4.jar;C:\Users\Chowdam.Gopi\.m2\repository\io\projectreactor\addons\reactor-extra\3.5.2\reactor-extra-3.5.2.jar;C:\Users\Chowdam.Gopi\.m2\repository\com\stoyanr\evictor\1.0.0\evictor-1.0.0.jar;C:\Users\Chowdam.Gopi\.m2\repository\org\springframework\boot\spring-boot-starter-cache\3.2.12\spring-boot-starter-cache-3.2.12.jar;C:\Users\Chowdam.Gopi\.m2\repository\org\springframework\spring-context-support\6.1.15\spring-context-support-6.1.15.jar;C:\Users\Chowdam.Gopi\.m2\repository\com\github\ben-manes\caffeine\caffeine\3.1.8\caffeine-3.1.8.jar;C:\Users\Chowdam.Gopi\.m2\repository\com\google\errorprone\error_prone_annotations\2.21.1\error_prone_annotations-2.21.1.jar;C:\Users\Chowdam.Gopi\.m2\repository\org\projectlombok\lombok\1.18.36\lombok-1.18.36.jar;C:\Users\Chowdam.Gopi\.m2\repository\jakarta\xml\bind\jakarta.xml.bind-api\4.0.2\jakarta.xml.bind-api-4.0.2.jar;C:\Users\Chowdam.Gopi\.m2\repository\jakarta\activation\jakarta.activation-api\2.1.3\jakarta.activation-api-2.1.3.jar;C:\Users\Chowdam.Gopi\.m2\repository\org\springframework\spring-core\6.1.15\spring-core-6.1.15.jar;C:\Users\Chowdam.Gopi\.m2\repository\org\springframework\spring-jcl\6.1.15\spring-jcl-6.1.15.jar
Launcher Type: SUN_STANDARD

[Global flags]
     intx CICompilerCount                          = 4                                         {product} {ergonomic}
     uint ConcGCThreads                            = 2                                         {product} {ergonomic}
     uint G1ConcRefinementThreads                  = 8                                         {product} {ergonomic}
   size_t G1HeapRegionSize                         = 2097152                                   {product} {ergonomic}
    uintx GCDrainStackTargetSize                   = 64                                        {product} {ergonomic}
   size_t InitialHeapSize                          = 260046848                                 {product} {ergonomic}
   size_t MarkStackSize                            = 4194304                                   {product} {ergonomic}
   size_t MaxHeapSize                              = 4137680896                                {product} {ergonomic}
   size_t MaxNewSize                               = 2480930816                                {product} {ergonomic}
   size_t MinHeapDeltaBytes                        = 2097152                                   {product} {ergonomic}
   size_t MinHeapSize                              = 8388608                                   {product} {ergonomic}
    uintx NonNMethodCodeHeapSize                   = 5839372                                {pd product} {ergonomic}
    uintx NonProfiledCodeHeapSize                  = 122909434                              {pd product} {ergonomic}
    uintx ProfiledCodeHeapSize                     = 122909434                              {pd product} {ergonomic}
    uintx ReservedCodeCacheSize                    = 251658240                              {pd product} {ergonomic}
     bool SegmentedCodeCache                       = true                                      {product} {ergonomic}
   size_t SoftMaxHeapSize                          = 4137680896                             {manageable} {ergonomic}
     bool UseCompressedOops                        = true                           {product lp64_product} {ergonomic}
     bool UseG1GC                                  = true                                      {product} {ergonomic}
     bool UseLargePagesIndividualAllocation        = false                                  {pd product} {ergonomic}

Logging:
Log output configuration:
 #0: stdout all=warning uptime,level,tags foldmultilines=false
 #1: stderr all=off uptime,level,tags foldmultilines=false

Environment Variables:
JAVA_HOME=C:\Program Files\jdk-21_windows-x64_bin\jdk-21.0.8
PATH=C:\Program Files\Python314\Scripts\;C:\Program Files\Python314\;C:\Windows\system32;C:\Windows;C:\Windows\System32\Wbem;C:\Windows\System32\WindowsPowerShell\v1.0\;C:\Windows\System32\OpenSSH\;C:\Program Files\nodejs\;C:\Program Files\jdk-21_windows-x64_bin\jdk-21.0.8\bin;C:\Program Files\apache-maven-3.9.11\bin;C:\Program Files\RedHat\Podman\;C:\Program Files\Kubernetes\Minikube;C:\Program Files\apache-maven-3.9.11\bin;C:\Users\Chowdam.Gopi\AppData\Local\Microsoft\WindowsApps;C:\Users\Chowdam.Gopi\AppData\Local\Programs\Git\cmd;C:\Users\Chowdam.Gopi\AppData\Local\Programs\Microsoft VS Code\bin;C:\Users\Chowdam.Gopi\AppData\Roaming\npm
USERNAME=Chowdam.Gopi
OS=Windows_NT
PROCESSOR_IDENTIFIER=Intel64 Family 6 Model 140 Stepping 1, GenuineIntel
TMP=C:\Users\CHOWDA~1.GOP\AppData\Local\Temp
TEMP=C:\Users\CHOWDA~1.GOP\AppData\Local\Temp




Periodic native trim disabled

---------------  S Y S T E M  ---------------

OS:
 Windows 11 , 64 bit Build 26100 (10.0.26100.7019)
OS uptime: 1 days 23:49 hours
Hyper-V role detected

CPU: total 8 (initial active 8) (4 cores per cpu, 2 threads per core) family 6 model 140 stepping 1 microcode 0xbc, cx8, cmov, fxsr, ht, mmx, 3dnowpref, sse, sse2, sse3, ssse3, sse4.1, sse4.2, popcnt, lzcnt, tsc, tscinvbit, avx, avx2, aes, erms, clmul, bmi1, bmi2, adx, avx512f, avx512dq, avx512cd, avx512bw, avx512vl, sha, fma, vzeroupper, avx512_vpopcntdq, avx512_vpclmulqdq, avx512_vaes, avx512_vnni, clflush, clflushopt, clwb, avx512_vbmi2, avx512_vbmi, hv, rdtscp, rdpid, fsrm, gfni, avx512_bitalg, f16c, cet_ibt, cet_ss, avx512_ifma
Processor Information for all 8 processors :
  Max Mhz: 1382, Current Mhz: 1382, Mhz Limit: 1382

Memory: 4k page, system-wide physical 15781M (624M free)
TotalPageFile size 44027M (AvailPageFile size 8M)
current process WorkingSet (physical memory assigned to process): 282M, peak: 286M
current process commit charge ("private bytes"): 319M, peak: 406M

vm_info: Java HotSpot(TM) 64-Bit Server VM (21.0.8+12-LTS-250) for windows-amd64 JRE (21.0.8+12-LTS-250), built on 2025-06-27T08:11:22Z by "mach5one" with MS VC++ 17.6 (VS2022)

END.
