#
# There is insufficient memory for the Java Runtime Environment to continue.
# Native memory allocation (malloc) failed to allocate 39968 bytes for Chunk::new
# Possible reasons:
#   The system is out of physical RAM or swap space
#   The process is running with CompressedOops enabled, and the Java Heap may be blocking the growth of the native heap
# Possible solutions:
#   Reduce memory load on the system
#   Increase physical memory or swap space
#   Check if swap backing store is full
#   Decrease Java heap size (-Xmx/-Xms)
#   Decrease number of Java threads
#   Decrease Java thread stack sizes (-Xss)
#   Set larger code cache with -XX:ReservedCodeCacheSize=
#   JVM is running with Zero Based Compressed Oops mode in which the Java heap is
#     placed in the first 32GB address space. The Java Heap base address is the
#     maximum limit for the native heap growth. Please use -XX:HeapBaseMinAddress
#     to set the Java Heap base and to place the Java Heap above 32GB virtual address.
# This output file may be truncated or incomplete.
#
#  Out of Memory Error (arena.cpp:168), pid=33188, tid=35592
#
# JRE version: Java(TM) SE Runtime Environment (21.0.8+12) (build 21.0.8+12-LTS-250)
# Java VM: Java HotSpot(TM) 64-Bit Server VM (21.0.8+12-LTS-250, mixed mode, sharing, tiered, compressed oops, compressed class ptrs, g1 gc, windows-amd64)
# No core dump will be written. Minidumps are not enabled by default on client versions of Windows
#

---------------  S U M M A R Y ------------

Command Line: --enable-native-access=ALL-UNNAMED -Dclassworlds.conf=C:\Program Files\apache-maven-3.9.11\bin\m2.conf -Dmaven.home=C:\Program Files\apache-maven-3.9.11 -Dlibrary.jansi.path=C:\Program Files\apache-maven-3.9.11\lib\jansi-native -Dmaven.multiModuleProjectDirectory=C:\dev\market-platform\historical-service org.codehaus.plexus.classworlds.launcher.Launcher spring-boot:build-image

Host: 11th Gen Intel(R) Core(TM) i5-1135G7 @ 2.40GHz, 8 cores, 15G,  Windows 11 , 64 bit Build 26100 (10.0.26100.7019)
Time: Mon Jan 26 07:15:26 2026 India Standard Time elapsed time: 0.314800 seconds (0d 0h 0m 0s)

---------------  T H R E A D  ---------------

Current thread (0x000001cf9e6325f0):  JavaThread "C2 CompilerThread0" daemon [_thread_in_native, id=35592, stack(0x00000064b2a00000,0x00000064b2b00000) (1024K)]


Current CompileTask:
C2:    315  212       4       java.lang.StringCoding::countPositives (33 bytes)

Stack: [0x00000064b2a00000,0x00000064b2b00000]
Native frames: (J=compiled Java code, j=interpreted, Vv=VM code, C=native code)
V  [jvm.dll+0x6cc179]
V  [jvm.dll+0x8584c1]
V  [jvm.dll+0x85a9ee]
V  [jvm.dll+0x85b0c3]
V  [jvm.dll+0x27ebf6]
V  [jvm.dll+0xc4f4d]
V  [jvm.dll+0xc5483]
V  [jvm.dll+0x3b6abc]
V  [jvm.dll+0x382a35]
V  [jvm.dll+0x381eaa]
V  [jvm.dll+0x247670]
V  [jvm.dll+0x246c4f]
V  [jvm.dll+0x1c7a3e]
V  [jvm.dll+0x256359]
V  [jvm.dll+0x2548ea]
V  [jvm.dll+0x3efef6]
V  [jvm.dll+0x80279b]
V  [jvm.dll+0x6ca85d]
C  [ucrtbase.dll+0x37b0]
C  [KERNEL32.DLL+0x2e8d7]
C  [ntdll.dll+0x8c53c]


---------------  P R O C E S S  ---------------

Threads class SMR info:
_java_thread_list=0x000001cf9ebca1e0, length=11, elements={
0x000001cfff9fee00, 0x000001cf9e6295f0, 0x000001cf9e62a1f0, 0x000001cf9e62f340,
0x000001cf9e630220, 0x000001cf9e630e20, 0x000001cf9e631870, 0x000001cf9e6325f0,
0x000001cf9e636750, 0x000001cf9ebcbb10, 0x000001cf9ebe4780
}

Java Threads: ( => current thread )
  0x000001cfff9fee00 JavaThread "main"                              [_thread_in_native, id=32952, stack(0x00000064b1c00000,0x00000064b1d00000) (1024K)]
  0x000001cf9e6295f0 JavaThread "Reference Handler"          daemon [_thread_blocked, id=34092, stack(0x00000064b2400000,0x00000064b2500000) (1024K)]
  0x000001cf9e62a1f0 JavaThread "Finalizer"                  daemon [_thread_blocked, id=25016, stack(0x00000064b2500000,0x00000064b2600000) (1024K)]
  0x000001cf9e62f340 JavaThread "Signal Dispatcher"          daemon [_thread_blocked, id=22568, stack(0x00000064b2600000,0x00000064b2700000) (1024K)]
  0x000001cf9e630220 JavaThread "Attach Listener"            daemon [_thread_blocked, id=11044, stack(0x00000064b2700000,0x00000064b2800000) (1024K)]
  0x000001cf9e630e20 JavaThread "Service Thread"             daemon [_thread_blocked, id=31776, stack(0x00000064b2800000,0x00000064b2900000) (1024K)]
  0x000001cf9e631870 JavaThread "Monitor Deflation Thread"   daemon [_thread_blocked, id=21084, stack(0x00000064b2900000,0x00000064b2a00000) (1024K)]
=>0x000001cf9e6325f0 JavaThread "C2 CompilerThread0"         daemon [_thread_in_native, id=35592, stack(0x00000064b2a00000,0x00000064b2b00000) (1024K)]
  0x000001cf9e636750 JavaThread "C1 CompilerThread0"         daemon [_thread_blocked, id=34104, stack(0x00000064b2b00000,0x00000064b2c00000) (1024K)]
  0x000001cf9ebcbb10 JavaThread "Notification Thread"        daemon [_thread_blocked, id=21464, stack(0x00000064b2c00000,0x00000064b2d00000) (1024K)]
  0x000001cf9ebe4780 JavaThread "Common-Cleaner"             daemon [_thread_blocked, id=29220, stack(0x00000064b2d00000,0x00000064b2e00000) (1024K)]
Total: 11

Other Threads:
  0x000001cf9e60ff70 VMThread "VM Thread"                           [id=25560, stack(0x00000064b2300000,0x00000064b2400000) (1024K)]
  0x000001cf9e5ff610 WatcherThread "VM Periodic Task Thread"        [id=3268, stack(0x00000064b2200000,0x00000064b2300000) (1024K)]
  0x000001cfffa634d0 WorkerThread "GC Thread#0"                     [id=1976, stack(0x00000064b1d00000,0x00000064b1e00000) (1024K)]
  0x000001cfffa76a60 ConcurrentGCThread "G1 Main Marker"            [id=22516, stack(0x00000064b1e00000,0x00000064b1f00000) (1024K)]
  0x000001cfffa782e0 WorkerThread "G1 Conc#0"                       [id=30156, stack(0x00000064b1f00000,0x00000064b2000000) (1024K)]
  0x000001cf9e4c41c0 ConcurrentGCThread "G1 Refine#0"               [id=20228, stack(0x00000064b2000000,0x00000064b2100000) (1024K)]
  0x000001cf9e4c49e0 ConcurrentGCThread "G1 Service"                [id=30044, stack(0x00000064b2100000,0x00000064b2200000) (1024K)]
Total: 7

Threads with active compile tasks:
C2 CompilerThread0      382  212       4       java.lang.StringCoding::countPositives (33 bytes)
Total: 1

VM state: not at safepoint (normal execution)

VM Mutex/Monitor currently owned by a thread: None

OutOfMemory and StackOverflow Exception counts:
OutOfMemoryError java_heap_errors=1
LinkageErrors=1

Heap address: 0x0000000709600000, size: 3946 MB, Compressed Oops mode: Zero based, Oop shift amount: 3

CDS archive(s) mapped at: [0x000001cf9f000000-0x000001cf9fc90000-0x000001cf9fc90000), size 13172736, SharedBaseAddress: 0x000001cf9f000000, ArchiveRelocationMode: 1.
Compressed class space mapped at: 0x000001cfa0000000-0x000001cfe0000000, reserved size: 1073741824
Narrow klass base: 0x000001cf9f000000, Narrow klass shift: 0, Narrow klass range: 0x100000000

GC Precious Log:
 CardTable entry size: 512
 Card Set container configuration: InlinePtr #cards 4 size 8 Array Of Cards #cards 16 size 48 Howl #buckets 8 coarsen threshold 3686 Howl Bitmap #cards 512 size 80 coarsen threshold 460 Card regions per heap region 1 cards per card region 4096
 CPUs: 8 total, 8 available
 Memory: 15781M
 Large Page Support: Disabled
 NUMA Support: Disabled
 Compressed Oops: Enabled (Zero based)
 Heap Region Size: 2M
 Heap Min Capacity: 8M
 Heap Initial Capacity: 248M
 Heap Max Capacity: 3946M
 Pre-touch: Disabled
 Parallel Workers: 8
 Concurrent Workers: 2
 Concurrent Refinement Workers: 8
 Periodic GC: Disabled

Heap:
 garbage-first heap   total 253952K, used 2048K [0x0000000709600000, 0x0000000800000000)
  region size 2048K, 3 young (6144K), 0 survivors (0K)
 Metaspace       used 862K, committed 1024K, reserved 1114112K
  class space    used 64K, committed 128K, reserved 1048576K

Heap Regions: E=young(eden), S=young(survivor), O=old, HS=humongous(starts), HC=humongous(continues), CS=collection set, F=free, TAMS=top-at-mark-start, PB=parsable bottom
|   0|0x0000000709600000, 0x0000000709600000, 0x0000000709800000|  0%| F|  |TAMS 0x0000000709600000| PB 0x0000000709600000| Untracked 
|   1|0x0000000709800000, 0x0000000709800000, 0x0000000709a00000|  0%| F|  |TAMS 0x0000000709800000| PB 0x0000000709800000| Untracked 
|   2|0x0000000709a00000, 0x0000000709a00000, 0x0000000709c00000|  0%| F|  |TAMS 0x0000000709a00000| PB 0x0000000709a00000| Untracked 
|   3|0x0000000709c00000, 0x0000000709c00000, 0x0000000709e00000|  0%| F|  |TAMS 0x0000000709c00000| PB 0x0000000709c00000| Untracked 
|   4|0x0000000709e00000, 0x0000000709e00000, 0x000000070a000000|  0%| F|  |TAMS 0x0000000709e00000| PB 0x0000000709e00000| Untracked 
|   5|0x000000070a000000, 0x000000070a000000, 0x000000070a200000|  0%| F|  |TAMS 0x000000070a000000| PB 0x000000070a000000| Untracked 
|   6|0x000000070a200000, 0x000000070a200000, 0x000000070a400000|  0%| F|  |TAMS 0x000000070a200000| PB 0x000000070a200000| Untracked 
|   7|0x000000070a400000, 0x000000070a400000, 0x000000070a600000|  0%| F|  |TAMS 0x000000070a400000| PB 0x000000070a400000| Untracked 
|   8|0x000000070a600000, 0x000000070a600000, 0x000000070a800000|  0%| F|  |TAMS 0x000000070a600000| PB 0x000000070a600000| Untracked 
|   9|0x000000070a800000, 0x000000070a800000, 0x000000070aa00000|  0%| F|  |TAMS 0x000000070a800000| PB 0x000000070a800000| Untracked 
|  10|0x000000070aa00000, 0x000000070aa00000, 0x000000070ac00000|  0%| F|  |TAMS 0x000000070aa00000| PB 0x000000070aa00000| Untracked 
|  11|0x000000070ac00000, 0x000000070ac00000, 0x000000070ae00000|  0%| F|  |TAMS 0x000000070ac00000| PB 0x000000070ac00000| Untracked 
|  12|0x000000070ae00000, 0x000000070ae00000, 0x000000070b000000|  0%| F|  |TAMS 0x000000070ae00000| PB 0x000000070ae00000| Untracked 
|  13|0x000000070b000000, 0x000000070b000000, 0x000000070b200000|  0%| F|  |TAMS 0x000000070b000000| PB 0x000000070b000000| Untracked 
|  14|0x000000070b200000, 0x000000070b200000, 0x000000070b400000|  0%| F|  |TAMS 0x000000070b200000| PB 0x000000070b200000| Untracked 
|  15|0x000000070b400000, 0x000000070b400000, 0x000000070b600000|  0%| F|  |TAMS 0x000000070b400000| PB 0x000000070b400000| Untracked 
|  16|0x000000070b600000, 0x000000070b600000, 0x000000070b800000|  0%| F|  |TAMS 0x000000070b600000| PB 0x000000070b600000| Untracked 
|  17|0x000000070b800000, 0x000000070b800000, 0x000000070ba00000|  0%| F|  |TAMS 0x000000070b800000| PB 0x000000070b800000| Untracked 
|  18|0x000000070ba00000, 0x000000070ba00000, 0x000000070bc00000|  0%| F|  |TAMS 0x000000070ba00000| PB 0x000000070ba00000| Untracked 
|  19|0x000000070bc00000, 0x000000070bc00000, 0x000000070be00000|  0%| F|  |TAMS 0x000000070bc00000| PB 0x000000070bc00000| Untracked 
|  20|0x000000070be00000, 0x000000070be00000, 0x000000070c000000|  0%| F|  |TAMS 0x000000070be00000| PB 0x000000070be00000| Untracked 
|  21|0x000000070c000000, 0x000000070c000000, 0x000000070c200000|  0%| F|  |TAMS 0x000000070c000000| PB 0x000000070c000000| Untracked 
|  22|0x000000070c200000, 0x000000070c200000, 0x000000070c400000|  0%| F|  |TAMS 0x000000070c200000| PB 0x000000070c200000| Untracked 
|  23|0x000000070c400000, 0x000000070c400000, 0x000000070c600000|  0%| F|  |TAMS 0x000000070c400000| PB 0x000000070c400000| Untracked 
|  24|0x000000070c600000, 0x000000070c600000, 0x000000070c800000|  0%| F|  |TAMS 0x000000070c600000| PB 0x000000070c600000| Untracked 
|  25|0x000000070c800000, 0x000000070c800000, 0x000000070ca00000|  0%| F|  |TAMS 0x000000070c800000| PB 0x000000070c800000| Untracked 
|  26|0x000000070ca00000, 0x000000070ca00000, 0x000000070cc00000|  0%| F|  |TAMS 0x000000070ca00000| PB 0x000000070ca00000| Untracked 
|  27|0x000000070cc00000, 0x000000070cc00000, 0x000000070ce00000|  0%| F|  |TAMS 0x000000070cc00000| PB 0x000000070cc00000| Untracked 
|  28|0x000000070ce00000, 0x000000070ce00000, 0x000000070d000000|  0%| F|  |TAMS 0x000000070ce00000| PB 0x000000070ce00000| Untracked 
|  29|0x000000070d000000, 0x000000070d000000, 0x000000070d200000|  0%| F|  |TAMS 0x000000070d000000| PB 0x000000070d000000| Untracked 
|  30|0x000000070d200000, 0x000000070d200000, 0x000000070d400000|  0%| F|  |TAMS 0x000000070d200000| PB 0x000000070d200000| Untracked 
|  31|0x000000070d400000, 0x000000070d400000, 0x000000070d600000|  0%| F|  |TAMS 0x000000070d400000| PB 0x000000070d400000| Untracked 
|  32|0x000000070d600000, 0x000000070d600000, 0x000000070d800000|  0%| F|  |TAMS 0x000000070d600000| PB 0x000000070d600000| Untracked 
|  33|0x000000070d800000, 0x000000070d800000, 0x000000070da00000|  0%| F|  |TAMS 0x000000070d800000| PB 0x000000070d800000| Untracked 
|  34|0x000000070da00000, 0x000000070da00000, 0x000000070dc00000|  0%| F|  |TAMS 0x000000070da00000| PB 0x000000070da00000| Untracked 
|  35|0x000000070dc00000, 0x000000070dc00000, 0x000000070de00000|  0%| F|  |TAMS 0x000000070dc00000| PB 0x000000070dc00000| Untracked 
|  36|0x000000070de00000, 0x000000070de00000, 0x000000070e000000|  0%| F|  |TAMS 0x000000070de00000| PB 0x000000070de00000| Untracked 
|  37|0x000000070e000000, 0x000000070e000000, 0x000000070e200000|  0%| F|  |TAMS 0x000000070e000000| PB 0x000000070e000000| Untracked 
|  38|0x000000070e200000, 0x000000070e200000, 0x000000070e400000|  0%| F|  |TAMS 0x000000070e200000| PB 0x000000070e200000| Untracked 
|  39|0x000000070e400000, 0x000000070e400000, 0x000000070e600000|  0%| F|  |TAMS 0x000000070e400000| PB 0x000000070e400000| Untracked 
|  40|0x000000070e600000, 0x000000070e600000, 0x000000070e800000|  0%| F|  |TAMS 0x000000070e600000| PB 0x000000070e600000| Untracked 
|  41|0x000000070e800000, 0x000000070e800000, 0x000000070ea00000|  0%| F|  |TAMS 0x000000070e800000| PB 0x000000070e800000| Untracked 
|  42|0x000000070ea00000, 0x000000070ea00000, 0x000000070ec00000|  0%| F|  |TAMS 0x000000070ea00000| PB 0x000000070ea00000| Untracked 
|  43|0x000000070ec00000, 0x000000070ec00000, 0x000000070ee00000|  0%| F|  |TAMS 0x000000070ec00000| PB 0x000000070ec00000| Untracked 
|  44|0x000000070ee00000, 0x000000070ee00000, 0x000000070f000000|  0%| F|  |TAMS 0x000000070ee00000| PB 0x000000070ee00000| Untracked 
|  45|0x000000070f000000, 0x000000070f000000, 0x000000070f200000|  0%| F|  |TAMS 0x000000070f000000| PB 0x000000070f000000| Untracked 
|  46|0x000000070f200000, 0x000000070f200000, 0x000000070f400000|  0%| F|  |TAMS 0x000000070f200000| PB 0x000000070f200000| Untracked 
|  47|0x000000070f400000, 0x000000070f400000, 0x000000070f600000|  0%| F|  |TAMS 0x000000070f400000| PB 0x000000070f400000| Untracked 
|  48|0x000000070f600000, 0x000000070f600000, 0x000000070f800000|  0%| F|  |TAMS 0x000000070f600000| PB 0x000000070f600000| Untracked 
|  49|0x000000070f800000, 0x000000070f800000, 0x000000070fa00000|  0%| F|  |TAMS 0x000000070f800000| PB 0x000000070f800000| Untracked 
|  50|0x000000070fa00000, 0x000000070fa00000, 0x000000070fc00000|  0%| F|  |TAMS 0x000000070fa00000| PB 0x000000070fa00000| Untracked 
|  51|0x000000070fc00000, 0x000000070fc00000, 0x000000070fe00000|  0%| F|  |TAMS 0x000000070fc00000| PB 0x000000070fc00000| Untracked 
|  52|0x000000070fe00000, 0x000000070fe00000, 0x0000000710000000|  0%| F|  |TAMS 0x000000070fe00000| PB 0x000000070fe00000| Untracked 
|  53|0x0000000710000000, 0x0000000710000000, 0x0000000710200000|  0%| F|  |TAMS 0x0000000710000000| PB 0x0000000710000000| Untracked 
|  54|0x0000000710200000, 0x0000000710200000, 0x0000000710400000|  0%| F|  |TAMS 0x0000000710200000| PB 0x0000000710200000| Untracked 
|  55|0x0000000710400000, 0x0000000710400000, 0x0000000710600000|  0%| F|  |TAMS 0x0000000710400000| PB 0x0000000710400000| Untracked 
|  56|0x0000000710600000, 0x0000000710600000, 0x0000000710800000|  0%| F|  |TAMS 0x0000000710600000| PB 0x0000000710600000| Untracked 
|  57|0x0000000710800000, 0x0000000710800000, 0x0000000710a00000|  0%| F|  |TAMS 0x0000000710800000| PB 0x0000000710800000| Untracked 
|  58|0x0000000710a00000, 0x0000000710a00000, 0x0000000710c00000|  0%| F|  |TAMS 0x0000000710a00000| PB 0x0000000710a00000| Untracked 
|  59|0x0000000710c00000, 0x0000000710c00000, 0x0000000710e00000|  0%| F|  |TAMS 0x0000000710c00000| PB 0x0000000710c00000| Untracked 
|  60|0x0000000710e00000, 0x0000000710e00000, 0x0000000711000000|  0%| F|  |TAMS 0x0000000710e00000| PB 0x0000000710e00000| Untracked 
|  61|0x0000000711000000, 0x0000000711000000, 0x0000000711200000|  0%| F|  |TAMS 0x0000000711000000| PB 0x0000000711000000| Untracked 
|  62|0x0000000711200000, 0x0000000711200000, 0x0000000711400000|  0%| F|  |TAMS 0x0000000711200000| PB 0x0000000711200000| Untracked 
|  63|0x0000000711400000, 0x0000000711400000, 0x0000000711600000|  0%| F|  |TAMS 0x0000000711400000| PB 0x0000000711400000| Untracked 
|  64|0x0000000711600000, 0x0000000711600000, 0x0000000711800000|  0%| F|  |TAMS 0x0000000711600000| PB 0x0000000711600000| Untracked 
|  65|0x0000000711800000, 0x0000000711800000, 0x0000000711a00000|  0%| F|  |TAMS 0x0000000711800000| PB 0x0000000711800000| Untracked 
|  66|0x0000000711a00000, 0x0000000711a00000, 0x0000000711c00000|  0%| F|  |TAMS 0x0000000711a00000| PB 0x0000000711a00000| Untracked 
|  67|0x0000000711c00000, 0x0000000711c00000, 0x0000000711e00000|  0%| F|  |TAMS 0x0000000711c00000| PB 0x0000000711c00000| Untracked 
|  68|0x0000000711e00000, 0x0000000711e00000, 0x0000000712000000|  0%| F|  |TAMS 0x0000000711e00000| PB 0x0000000711e00000| Untracked 
|  69|0x0000000712000000, 0x0000000712000000, 0x0000000712200000|  0%| F|  |TAMS 0x0000000712000000| PB 0x0000000712000000| Untracked 
|  70|0x0000000712200000, 0x0000000712200000, 0x0000000712400000|  0%| F|  |TAMS 0x0000000712200000| PB 0x0000000712200000| Untracked 
|  71|0x0000000712400000, 0x0000000712400000, 0x0000000712600000|  0%| F|  |TAMS 0x0000000712400000| PB 0x0000000712400000| Untracked 
|  72|0x0000000712600000, 0x0000000712600000, 0x0000000712800000|  0%| F|  |TAMS 0x0000000712600000| PB 0x0000000712600000| Untracked 
|  73|0x0000000712800000, 0x0000000712800000, 0x0000000712a00000|  0%| F|  |TAMS 0x0000000712800000| PB 0x0000000712800000| Untracked 
|  74|0x0000000712a00000, 0x0000000712a00000, 0x0000000712c00000|  0%| F|  |TAMS 0x0000000712a00000| PB 0x0000000712a00000| Untracked 
|  75|0x0000000712c00000, 0x0000000712c00000, 0x0000000712e00000|  0%| F|  |TAMS 0x0000000712c00000| PB 0x0000000712c00000| Untracked 
|  76|0x0000000712e00000, 0x0000000712e00000, 0x0000000713000000|  0%| F|  |TAMS 0x0000000712e00000| PB 0x0000000712e00000| Untracked 
|  77|0x0000000713000000, 0x0000000713000000, 0x0000000713200000|  0%| F|  |TAMS 0x0000000713000000| PB 0x0000000713000000| Untracked 
|  78|0x0000000713200000, 0x0000000713200000, 0x0000000713400000|  0%| F|  |TAMS 0x0000000713200000| PB 0x0000000713200000| Untracked 
|  79|0x0000000713400000, 0x0000000713400000, 0x0000000713600000|  0%| F|  |TAMS 0x0000000713400000| PB 0x0000000713400000| Untracked 
|  80|0x0000000713600000, 0x0000000713600000, 0x0000000713800000|  0%| F|  |TAMS 0x0000000713600000| PB 0x0000000713600000| Untracked 
|  81|0x0000000713800000, 0x0000000713800000, 0x0000000713a00000|  0%| F|  |TAMS 0x0000000713800000| PB 0x0000000713800000| Untracked 
|  82|0x0000000713a00000, 0x0000000713a00000, 0x0000000713c00000|  0%| F|  |TAMS 0x0000000713a00000| PB 0x0000000713a00000| Untracked 
|  83|0x0000000713c00000, 0x0000000713c00000, 0x0000000713e00000|  0%| F|  |TAMS 0x0000000713c00000| PB 0x0000000713c00000| Untracked 
|  84|0x0000000713e00000, 0x0000000713e00000, 0x0000000714000000|  0%| F|  |TAMS 0x0000000713e00000| PB 0x0000000713e00000| Untracked 
|  85|0x0000000714000000, 0x0000000714000000, 0x0000000714200000|  0%| F|  |TAMS 0x0000000714000000| PB 0x0000000714000000| Untracked 
|  86|0x0000000714200000, 0x0000000714200000, 0x0000000714400000|  0%| F|  |TAMS 0x0000000714200000| PB 0x0000000714200000| Untracked 
|  87|0x0000000714400000, 0x0000000714400000, 0x0000000714600000|  0%| F|  |TAMS 0x0000000714400000| PB 0x0000000714400000| Untracked 
|  88|0x0000000714600000, 0x0000000714600000, 0x0000000714800000|  0%| F|  |TAMS 0x0000000714600000| PB 0x0000000714600000| Untracked 
|  89|0x0000000714800000, 0x0000000714800000, 0x0000000714a00000|  0%| F|  |TAMS 0x0000000714800000| PB 0x0000000714800000| Untracked 
|  90|0x0000000714a00000, 0x0000000714a00000, 0x0000000714c00000|  0%| F|  |TAMS 0x0000000714a00000| PB 0x0000000714a00000| Untracked 
|  91|0x0000000714c00000, 0x0000000714c00000, 0x0000000714e00000|  0%| F|  |TAMS 0x0000000714c00000| PB 0x0000000714c00000| Untracked 
|  92|0x0000000714e00000, 0x0000000714e00000, 0x0000000715000000|  0%| F|  |TAMS 0x0000000714e00000| PB 0x0000000714e00000| Untracked 
|  93|0x0000000715000000, 0x0000000715000000, 0x0000000715200000|  0%| F|  |TAMS 0x0000000715000000| PB 0x0000000715000000| Untracked 
|  94|0x0000000715200000, 0x0000000715200000, 0x0000000715400000|  0%| F|  |TAMS 0x0000000715200000| PB 0x0000000715200000| Untracked 
|  95|0x0000000715400000, 0x0000000715400000, 0x0000000715600000|  0%| F|  |TAMS 0x0000000715400000| PB 0x0000000715400000| Untracked 
|  96|0x0000000715600000, 0x0000000715600000, 0x0000000715800000|  0%| F|  |TAMS 0x0000000715600000| PB 0x0000000715600000| Untracked 
|  97|0x0000000715800000, 0x0000000715800000, 0x0000000715a00000|  0%| F|  |TAMS 0x0000000715800000| PB 0x0000000715800000| Untracked 
|  98|0x0000000715a00000, 0x0000000715a00000, 0x0000000715c00000|  0%| F|  |TAMS 0x0000000715a00000| PB 0x0000000715a00000| Untracked 
|  99|0x0000000715c00000, 0x0000000715c00000, 0x0000000715e00000|  0%| F|  |TAMS 0x0000000715c00000| PB 0x0000000715c00000| Untracked 
| 100|0x0000000715e00000, 0x0000000715e00000, 0x0000000716000000|  0%| F|  |TAMS 0x0000000715e00000| PB 0x0000000715e00000| Untracked 
| 101|0x0000000716000000, 0x0000000716000000, 0x0000000716200000|  0%| F|  |TAMS 0x0000000716000000| PB 0x0000000716000000| Untracked 
| 102|0x0000000716200000, 0x0000000716200000, 0x0000000716400000|  0%| F|  |TAMS 0x0000000716200000| PB 0x0000000716200000| Untracked 
| 103|0x0000000716400000, 0x0000000716400000, 0x0000000716600000|  0%| F|  |TAMS 0x0000000716400000| PB 0x0000000716400000| Untracked 
| 104|0x0000000716600000, 0x0000000716600000, 0x0000000716800000|  0%| F|  |TAMS 0x0000000716600000| PB 0x0000000716600000| Untracked 
| 105|0x0000000716800000, 0x0000000716800000, 0x0000000716a00000|  0%| F|  |TAMS 0x0000000716800000| PB 0x0000000716800000| Untracked 
| 106|0x0000000716a00000, 0x0000000716a00000, 0x0000000716c00000|  0%| F|  |TAMS 0x0000000716a00000| PB 0x0000000716a00000| Untracked 
| 107|0x0000000716c00000, 0x0000000716c00000, 0x0000000716e00000|  0%| F|  |TAMS 0x0000000716c00000| PB 0x0000000716c00000| Untracked 
| 108|0x0000000716e00000, 0x0000000716e00000, 0x0000000717000000|  0%| F|  |TAMS 0x0000000716e00000| PB 0x0000000716e00000| Untracked 
| 109|0x0000000717000000, 0x0000000717000000, 0x0000000717200000|  0%| F|  |TAMS 0x0000000717000000| PB 0x0000000717000000| Untracked 
| 110|0x0000000717200000, 0x0000000717200000, 0x0000000717400000|  0%| F|  |TAMS 0x0000000717200000| PB 0x0000000717200000| Untracked 
| 111|0x0000000717400000, 0x0000000717400000, 0x0000000717600000|  0%| F|  |TAMS 0x0000000717400000| PB 0x0000000717400000| Untracked 
| 112|0x0000000717600000, 0x0000000717600000, 0x0000000717800000|  0%| F|  |TAMS 0x0000000717600000| PB 0x0000000717600000| Untracked 
| 113|0x0000000717800000, 0x0000000717800000, 0x0000000717a00000|  0%| F|  |TAMS 0x0000000717800000| PB 0x0000000717800000| Untracked 
| 114|0x0000000717a00000, 0x0000000717a00000, 0x0000000717c00000|  0%| F|  |TAMS 0x0000000717a00000| PB 0x0000000717a00000| Untracked 
| 115|0x0000000717c00000, 0x0000000717c00000, 0x0000000717e00000|  0%| F|  |TAMS 0x0000000717c00000| PB 0x0000000717c00000| Untracked 
| 116|0x0000000717e00000, 0x0000000717e00000, 0x0000000718000000|  0%| F|  |TAMS 0x0000000717e00000| PB 0x0000000717e00000| Untracked 
| 117|0x0000000718000000, 0x0000000718000000, 0x0000000718200000|  0%| F|  |TAMS 0x0000000718000000| PB 0x0000000718000000| Untracked 
| 118|0x0000000718200000, 0x0000000718200000, 0x0000000718400000|  0%| F|  |TAMS 0x0000000718200000| PB 0x0000000718200000| Untracked 
| 119|0x0000000718400000, 0x0000000718400000, 0x0000000718600000|  0%| F|  |TAMS 0x0000000718400000| PB 0x0000000718400000| Untracked 
| 120|0x0000000718600000, 0x0000000718600000, 0x0000000718800000|  0%| F|  |TAMS 0x0000000718600000| PB 0x0000000718600000| Untracked 
| 121|0x0000000718800000, 0x00000007188eed58, 0x0000000718a00000| 46%| E|  |TAMS 0x0000000718800000| PB 0x0000000718800000| Complete 
| 122|0x0000000718a00000, 0x0000000718c00000, 0x0000000718c00000|100%| E|  |TAMS 0x0000000718a00000| PB 0x0000000718a00000| Complete 
| 123|0x0000000718c00000, 0x0000000718e00000, 0x0000000718e00000|100%| E|CS|TAMS 0x0000000718c00000| PB 0x0000000718c00000| Complete 

Card table byte_map: [0x000001cf97b90000,0x000001cf98350000] _byte_map_base: 0x000001cf94345000

Marking Bits: (CMBitMap*) 0x000001cfffa65ae0
 Bits: [0x000001cf98350000, 0x000001cf9c0f8000)

Polling page: 0x000001cffede0000

Metaspace:

Usage:
  Non-class:    801.07 KB used.
      Class:     65.20 KB used.
       Both:    866.27 KB used.

Virtual space:
  Non-class space:       64.00 MB reserved,     896.00 KB (  1%) committed,  1 nodes.
      Class space:        1.00 GB reserved,     128.00 KB ( <1%) committed,  1 nodes.
             Both:        1.06 GB reserved,       1.00 MB ( <1%) committed. 

Chunk freelists:
   Non-Class:  11.86 MB
       Class:  15.73 MB
        Both:  27.59 MB

MaxMetaspaceSize: unlimited
CompressedClassSpaceSize: 1.00 GB
Initial GC threshold: 21.00 MB
Current GC threshold: 21.00 MB
CDS: on
 - commit_granule_bytes: 65536.
 - commit_granule_words: 8192.
 - virtual_space_node_default_size: 8388608.
 - enlarge_chunks_in_place: 1.
 - use_allocation_guard: 0.


Internal statistics:

num_allocs_failed_limit: 0.
num_arena_births: 12.
num_arena_deaths: 0.
num_vsnodes_births: 2.
num_vsnodes_deaths: 0.
num_space_committed: 16.
num_space_uncommitted: 0.
num_chunks_returned_to_freelist: 0.
num_chunks_taken_from_freelist: 25.
num_chunk_merges: 0.
num_chunk_splits: 14.
num_chunks_enlarged: 9.
num_inconsistent_stats: 0.

CodeHeap 'non-profiled nmethods': size=120000Kb used=77Kb max_used=77Kb free=119922Kb
 bounds [0x000001cf8fea0000, 0x000001cf90110000, 0x000001cf973d0000]
CodeHeap 'profiled nmethods': size=120000Kb used=341Kb max_used=341Kb free=119659Kb
 bounds [0x000001cf883d0000, 0x000001cf88640000, 0x000001cf8f900000]
CodeHeap 'non-nmethods': size=5760Kb used=1408Kb max_used=1420Kb free=4351Kb
 bounds [0x000001cf8f900000, 0x000001cf8fb70000, 0x000001cf8fea0000]
 total_blobs=655 nmethods=247 adapters=313
 compilation: enabled
              stopped_count=0, restarted_count=0
 full_count=0

Compilation events (20 events):
Event: 0.296 Thread 0x000001cf9e636750 nmethod 196 0x000001cf8840e810 code [0x000001cf8840e9e0, 0x000001cf8840eec0]
Event: 0.296 Thread 0x000001cf9e636750  197       3       java.util.zip.ZipFile$Source::nextEntryPos (22 bytes)
Event: 0.296 Thread 0x000001cf9e636750 nmethod 197 0x000001cf8840f090 code [0x000001cf8840f260, 0x000001cf8840f590]
Event: 0.296 Thread 0x000001cf9e636750  200       3       java.util.jar.Manifest$FastInputStream::readLine (9 bytes)
Event: 0.296 Thread 0x000001cf9e636750 nmethod 200 0x000001cf8840f790 code [0x000001cf8840f940, 0x000001cf8840faa0]
Event: 0.296 Thread 0x000001cf9e636750  201       3       java.util.jar.Manifest$FastInputStream::peek (38 bytes)
Event: 0.297 Thread 0x000001cf9e636750 nmethod 201 0x000001cf8840fb90 code [0x000001cf8840fd40, 0x000001cf8840ff60]
Event: 0.297 Thread 0x000001cf9e636750  202       3       java.lang.String::checkBoundsOffCount (10 bytes)
Event: 0.297 Thread 0x000001cf9e636750 nmethod 202 0x000001cf88410090 code [0x000001cf88410240, 0x000001cf88410450]
Event: 0.297 Thread 0x000001cf9e636750  203       1       java.lang.String::value (5 bytes)
Event: 0.297 Thread 0x000001cf9e636750 nmethod 203 0x000001cf8feaf110 code [0x000001cf8feaf2a0, 0x000001cf8feaf370]
Event: 0.297 Thread 0x000001cf9e636750  199       1       java.util.zip.Inflater$InflaterZStreamRef::address (5 bytes)
Event: 0.297 Thread 0x000001cf9e636750 nmethod 199 0x000001cf8feaf410 code [0x000001cf8feaf5a0, 0x000001cf8feaf668]
Event: 0.300 Thread 0x000001cf9e636750  205       3       java.lang.ref.Reference::reachabilityFence (1 bytes)
Event: 0.300 Thread 0x000001cf9e636750 nmethod 205 0x000001cf88410590 code [0x000001cf88410720, 0x000001cf88410808]
Event: 0.300 Thread 0x000001cf9e6325f0 nmethod 198% 0x000001cf8feaf710 code [0x000001cf8feaf8a0, 0x000001cf8feafae0]
Event: 0.300 Thread 0x000001cf9e6325f0  204       4       java.lang.String::indexOf (37 bytes)
Event: 0.300 Thread 0x000001cf9e636750  206   !   3       java.lang.String::<init> (890 bytes)
Event: 0.302 Thread 0x000001cf9e6325f0 nmethod 204 0x000001cf8feafc10 code [0x000001cf8feafda0, 0x000001cf8feb0020]
Event: 0.302 Thread 0x000001cf9e6325f0  212       4       java.lang.StringCoding::countPositives (33 bytes)

GC Heap History (0 events):
No events

Dll operation events (5 events):
Event: 0.038 Loaded shared library C:\Program Files\jdk-21_windows-x64_bin\jdk-21.0.8\bin\java.dll
Event: 0.133 Loaded shared library C:\Program Files\jdk-21_windows-x64_bin\jdk-21.0.8\bin\jsvml.dll
Event: 0.176 Loaded shared library C:\Program Files\jdk-21_windows-x64_bin\jdk-21.0.8\bin\net.dll
Event: 0.187 Loaded shared library C:\Program Files\jdk-21_windows-x64_bin\jdk-21.0.8\bin\nio.dll
Event: 0.196 Loaded shared library C:\Program Files\jdk-21_windows-x64_bin\jdk-21.0.8\bin\zip.dll

Deoptimization events (18 events):
Event: 0.273 Thread 0x000001cfff9fee00 Uncommon trap: trap_request=0xffffff45 fr.pc=0x000001cf8fea6778 relative=0x00000000000002b8
Event: 0.273 Thread 0x000001cfff9fee00 Uncommon trap: reason=unstable_if action=reinterpret pc=0x000001cf8fea6778 method=java.lang.StringLatin1.hashCode([B)I @ 2 c2
Event: 0.273 Thread 0x000001cfff9fee00 DEOPT PACKING pc=0x000001cf8fea6778 sp=0x00000064b1cfd500
Event: 0.273 Thread 0x000001cfff9fee00 DEOPT UNPACKING pc=0x000001cf8f957da2 sp=0x00000064b1cfd438 mode 2
Event: 0.302 Thread 0x000001cfff9fee00 DEOPT PACKING pc=0x000001cf883ed155 sp=0x00000064b1cfde30
Event: 0.302 Thread 0x000001cfff9fee00 DEOPT UNPACKING pc=0x000001cf8f9588e2 sp=0x00000064b1cfd2a0 mode 0
Event: 0.302 Thread 0x000001cfff9fee00 DEOPT PACKING pc=0x000001cf883ed155 sp=0x00000064b1cfde30
Event: 0.302 Thread 0x000001cfff9fee00 DEOPT UNPACKING pc=0x000001cf8f9588e2 sp=0x00000064b1cfd2a0 mode 0
Event: 0.302 Thread 0x000001cfff9fee00 DEOPT PACKING pc=0x000001cf883ed155 sp=0x00000064b1cfde30
Event: 0.302 Thread 0x000001cfff9fee00 DEOPT UNPACKING pc=0x000001cf8f9588e2 sp=0x00000064b1cfd2a0 mode 0
Event: 0.304 Thread 0x000001cfff9fee00 DEOPT PACKING pc=0x000001cf883ed155 sp=0x00000064b1cfde30
Event: 0.304 Thread 0x000001cfff9fee00 DEOPT UNPACKING pc=0x000001cf8f9588e2 sp=0x00000064b1cfd2a0 mode 0
Event: 0.304 Thread 0x000001cfff9fee00 DEOPT PACKING pc=0x000001cf883ed155 sp=0x00000064b1cfde30
Event: 0.304 Thread 0x000001cfff9fee00 DEOPT UNPACKING pc=0x000001cf8f9588e2 sp=0x00000064b1cfd2a0 mode 0
Event: 0.304 Thread 0x000001cfff9fee00 DEOPT PACKING pc=0x000001cf883ed155 sp=0x00000064b1cfde30
Event: 0.304 Thread 0x000001cfff9fee00 DEOPT UNPACKING pc=0x000001cf8f9588e2 sp=0x00000064b1cfd2a0 mode 0
Event: 0.305 Thread 0x000001cfff9fee00 DEOPT PACKING pc=0x000001cf883ed155 sp=0x00000064b1cfde30
Event: 0.305 Thread 0x000001cfff9fee00 DEOPT UNPACKING pc=0x000001cf8f9588e2 sp=0x00000064b1cfd2a0 mode 0

Classes loaded (20 events):
Event: 0.226 Loading class sun/nio/cs/StreamDecoder
Event: 0.226 Loading class sun/nio/cs/StreamDecoder done
Event: 0.226 Loading class sun/nio/ch/NativeThread
Event: 0.226 Loading class sun/nio/ch/NativeThread done
Event: 0.226 Loading class sun/nio/ch/Util
Event: 0.226 Loading class sun/nio/ch/Util done
Event: 0.226 Loading class sun/nio/ch/Util$1
Event: 0.226 Loading class sun/nio/ch/Util$1 done
Event: 0.227 Loading class sun/nio/ch/Util$BufferCache
Event: 0.227 Loading class sun/nio/ch/Util$BufferCache done
Event: 0.227 Loading class java/nio/DirectByteBuffer$Deallocator
Event: 0.227 Loading class java/nio/DirectByteBuffer$Deallocator done
Event: 0.227 Loading class sun/nio/ch/IOStatus
Event: 0.227 Loading class sun/nio/ch/IOStatus done
Event: 0.238 Loading class java/io/FilenameFilter
Event: 0.238 Loading class java/io/FilenameFilter done
Event: 0.277 Loading class java/net/URLClassLoader$1
Event: 0.277 Loading class java/net/URLClassLoader$1 done
Event: 0.277 Loading class jdk/internal/loader/URLClassPath$FileLoader
Event: 0.277 Loading class jdk/internal/loader/URLClassPath$FileLoader done

Classes unloaded (0 events):
No events

Classes redefined (0 events):
No events

Internal exceptions (1 events):
Event: 0.269 Thread 0x000001cfff9fee00 Exception <a 'java/lang/NoSuchMethodError'{0x0000000718adcfe0}: 'int java.lang.invoke.DirectMethodHandle$Holder.invokeSpecial(java.lang.Object, java.lang.Object, java.lang.Object)'> (0x0000000718adcfe0) 
thrown [s\open\src\hotspot\share\interpreter\linkResolver.cpp, line 773]

ZGC Phase Switch (0 events):
No events

VM Operations (2 events):
Event: 0.199 Executing VM operation: HandshakeAllThreads (Deoptimize)
Event: 0.199 Executing VM operation: HandshakeAllThreads (Deoptimize) done

Events (11 events):
Event: 0.081 Thread 0x000001cfff9fee00 Thread added: 0x000001cfff9fee00
Event: 0.121 Thread 0x000001cf9e6295f0 Thread added: 0x000001cf9e6295f0
Event: 0.122 Thread 0x000001cf9e62a1f0 Thread added: 0x000001cf9e62a1f0
Event: 0.123 Thread 0x000001cf9e62f340 Thread added: 0x000001cf9e62f340
Event: 0.124 Thread 0x000001cf9e630220 Thread added: 0x000001cf9e630220
Event: 0.125 Thread 0x000001cf9e630e20 Thread added: 0x000001cf9e630e20
Event: 0.126 Thread 0x000001cf9e631870 Thread added: 0x000001cf9e631870
Event: 0.127 Thread 0x000001cf9e6325f0 Thread added: 0x000001cf9e6325f0
Event: 0.128 Thread 0x000001cf9e636750 Thread added: 0x000001cf9e636750
Event: 0.157 Thread 0x000001cf9ebcbb10 Thread added: 0x000001cf9ebcbb10
Event: 0.162 Thread 0x000001cf9ebe4780 Thread added: 0x000001cf9ebe4780


Dynamic libraries:
0x00007ff65efc0000 - 0x00007ff65efd0000 	C:\Program Files\jdk-21_windows-x64_bin\jdk-21.0.8\bin\java.exe
0x00007ffdcd020000 - 0x00007ffdcd288000 	C:\Windows\SYSTEM32\ntdll.dll
0x00007ffdcb940000 - 0x00007ffdcba09000 	C:\Windows\System32\KERNEL32.DLL
0x00007ffdca170000 - 0x00007ffdca568000 	C:\Windows\System32\KERNELBASE.dll
0x00007ffdca6e0000 - 0x00007ffdca82b000 	C:\Windows\System32\ucrtbase.dll
0x00007ffda0b80000 - 0x00007ffda0b99000 	C:\Program Files\jdk-21_windows-x64_bin\jdk-21.0.8\bin\jli.dll
0x00007ffdcb770000 - 0x00007ffdcb824000 	C:\Windows\System32\ADVAPI32.dll
0x00007ffdcb470000 - 0x00007ffdcb519000 	C:\Windows\System32\msvcrt.dll
0x00007ffdcbbe0000 - 0x00007ffdcbc86000 	C:\Windows\System32\sechost.dll
0x00007ffdcc050000 - 0x00007ffdcc168000 	C:\Windows\System32\RPCRT4.dll
0x00007ffda0b60000 - 0x00007ffda0b7b000 	C:\Program Files\jdk-21_windows-x64_bin\jdk-21.0.8\bin\VCRUNTIME140.dll
0x00007ffdcba10000 - 0x00007ffdcbbd7000 	C:\Windows\System32\USER32.dll
0x00007ffdcac10000 - 0x00007ffdcac37000 	C:\Windows\System32\win32u.dll
0x00007ffdcb6c0000 - 0x00007ffdcb6eb000 	C:\Windows\System32\GDI32.dll
0x00007ffdae4e0000 - 0x00007ffdae774000 	C:\Windows\WinSxS\amd64_microsoft.windows.common-controls_6595b64144ccf1df_6.0.26100.7019_none_3e06ffa0e335b8a8\COMCTL32.dll
0x00007ffdca830000 - 0x00007ffdca95c000 	C:\Windows\System32\gdi32full.dll
0x00007ffdcab60000 - 0x00007ffdcac03000 	C:\Windows\System32\msvcp_win.dll
0x00007ffdbe180000 - 0x00007ffdbe18b000 	C:\Windows\SYSTEM32\VERSION.dll
0x00007ffdcb900000 - 0x00007ffdcb931000 	C:\Windows\System32\IMM32.DLL
0x000001cffd440000 - 0x000001cffd456000 	C:\Windows\System32\umppc20403.dll
0x000001cffd480000 - 0x000001cffd494000 	C:\Windows\System32\CsXumd64_20403.dll
0x000000005dbb0000 - 0x000000005dc21000 	C:\Windows\System32\QIPCAP64.dll
0x00007ffdcc550000 - 0x00007ffdccc9f000 	C:\Windows\System32\SHELL32.dll
0x00007ffdca570000 - 0x00007ffdca6db000 	C:\Windows\System32\wintypes.dll
0x00007ffdcc170000 - 0x00007ffdcc4fb000 	C:\Windows\System32\combase.dll
0x00007ffdcbc90000 - 0x00007ffdcbd67000 	C:\Windows\System32\OLEAUT32.dll
0x00007ffdc86a0000 - 0x00007ffdc87cc000 	C:\Windows\SYSTEM32\DNSAPI.dll
0x00007ffdc8600000 - 0x00007ffdc8634000 	C:\Windows\SYSTEM32\IPHLPAPI.DLL
0x00007ffdcccd0000 - 0x00007ffdcccda000 	C:\Windows\System32\NSI.dll
0x00007ffd90c70000 - 0x00007ffd90c7c000 	C:\Program Files\jdk-21_windows-x64_bin\jdk-21.0.8\bin\vcruntime140_1.dll
0x00007ffd72950000 - 0x00007ffd729de000 	C:\Program Files\jdk-21_windows-x64_bin\jdk-21.0.8\bin\msvcp140.dll
0x00007ffd0dbf0000 - 0x00007ffd0e90d000 	C:\Program Files\jdk-21_windows-x64_bin\jdk-21.0.8\bin\server\jvm.dll
0x00007ffdcb6f0000 - 0x00007ffdcb764000 	C:\Windows\System32\WS2_32.dll
0x00007ffdc9fd0000 - 0x00007ffdca02e000 	C:\Windows\SYSTEM32\POWRPROF.dll
0x00007ffdbe1d0000 - 0x00007ffdbe205000 	C:\Windows\SYSTEM32\WINMM.dll
0x00007ffdc9fb0000 - 0x00007ffdc9fc4000 	C:\Windows\SYSTEM32\UMPDC.dll
0x00007ffdc8dc0000 - 0x00007ffdc8ddb000 	C:\Windows\SYSTEM32\kernel.appcore.dll
0x00007ffd90c60000 - 0x00007ffd90c6a000 	C:\Program Files\jdk-21_windows-x64_bin\jdk-21.0.8\bin\jimage.dll
0x00007ffdc7620000 - 0x00007ffdc7862000 	C:\Windows\SYSTEM32\DBGHELP.DLL
0x00007ffdab5c0000 - 0x00007ffdab5fc000 	C:\Windows\SYSTEM32\dbgcore.DLL
0x00007ffdcaab0000 - 0x00007ffdcab55000 	C:\Windows\System32\bcryptPrimitives.dll
0x00007ffd8f6d0000 - 0x00007ffd8f6ef000 	C:\Program Files\jdk-21_windows-x64_bin\jdk-21.0.8\bin\java.dll
0x00007ffdc7b70000 - 0x00007ffdc83cd000 	C:\Windows\SYSTEM32\windows.storage.dll
0x00007ffdccee0000 - 0x00007ffdccfd2000 	C:\Windows\System32\SHCORE.dll
0x00007ffdccce0000 - 0x00007ffdccd47000 	C:\Windows\System32\shlwapi.dll
0x00007ffdca090000 - 0x00007ffdca0b9000 	C:\Windows\SYSTEM32\profapi.dll
0x00007ffd5f930000 - 0x00007ffd5fa07000 	C:\Program Files\jdk-21_windows-x64_bin\jdk-21.0.8\bin\jsvml.dll
0x00007ffd8f460000 - 0x00007ffd8f470000 	C:\Program Files\jdk-21_windows-x64_bin\jdk-21.0.8\bin\net.dll
0x00007ffdc8de0000 - 0x00007ffdc8f08000 	C:\Windows\SYSTEM32\WINHTTP.dll
0x00007ffdc9440000 - 0x00007ffdc94ab000 	C:\Windows\system32\mswsock.dll
0x00007ffd883d0000 - 0x00007ffd883e6000 	C:\Program Files\jdk-21_windows-x64_bin\jdk-21.0.8\bin\nio.dll
0x00007ffd86cb0000 - 0x00007ffd86cc8000 	C:\Program Files\jdk-21_windows-x64_bin\jdk-21.0.8\bin\zip.dll

dbghelp: loaded successfully - version: 4.0.5 - missing functions: none
symbol engine: initialized successfully - sym options: 0x614 - pdb path: .;C:\Program Files\jdk-21_windows-x64_bin\jdk-21.0.8\bin;C:\Windows\SYSTEM32;C:\Windows\WinSxS\amd64_microsoft.windows.common-controls_6595b64144ccf1df_6.0.26100.7019_none_3e06ffa0e335b8a8;C:\Program Files\jdk-21_windows-x64_bin\jdk-21.0.8\bin\server

VM Arguments:
jvm_args: --enable-native-access=ALL-UNNAMED -Dclassworlds.conf=C:\Program Files\apache-maven-3.9.11\bin\m2.conf -Dmaven.home=C:\Program Files\apache-maven-3.9.11 -Dlibrary.jansi.path=C:\Program Files\apache-maven-3.9.11\lib\jansi-native -Dmaven.multiModuleProjectDirectory=C:\dev\market-platform\historical-service 
java_command: org.codehaus.plexus.classworlds.launcher.Launcher spring-boot:build-image
java_class_path (initial): C:\Program Files\apache-maven-3.9.11\boot\plexus-classworlds-2.9.0.jar
Launcher Type: SUN_STANDARD

[Global flags]
     intx CICompilerCount                          = 4                                         {product} {ergonomic}
     uint ConcGCThreads                            = 2                                         {product} {ergonomic}
     uint G1ConcRefinementThreads                  = 8                                         {product} {ergonomic}
   size_t G1HeapRegionSize                         = 2097152                                   {product} {ergonomic}
    uintx GCDrainStackTargetSize                   = 64                                        {product} {ergonomic}
   size_t InitialHeapSize                          = 260046848                                 {product} {ergonomic}
   size_t MarkStackSize                            = 4194304                                   {product} {ergonomic}
   size_t MaxHeapSize                              = 4137680896                                {product} {ergonomic}
   size_t MaxNewSize                               = 2480930816                                {product} {ergonomic}
   size_t MinHeapDeltaBytes                        = 2097152                                   {product} {ergonomic}
   size_t MinHeapSize                              = 8388608                                   {product} {ergonomic}
    uintx NonNMethodCodeHeapSize                   = 5839372                                {pd product} {ergonomic}
    uintx NonProfiledCodeHeapSize                  = 122909434                              {pd product} {ergonomic}
    uintx ProfiledCodeHeapSize                     = 122909434                              {pd product} {ergonomic}
    uintx ReservedCodeCacheSize                    = 251658240                              {pd product} {ergonomic}
     bool SegmentedCodeCache                       = true                                      {product} {ergonomic}
   size_t SoftMaxHeapSize                          = 4137680896                             {manageable} {ergonomic}
     bool UseCompressedOops                        = true                           {product lp64_product} {ergonomic}
     bool UseG1GC                                  = true                                      {product} {ergonomic}
     bool UseLargePagesIndividualAllocation        = false                                  {pd product} {ergonomic}

Logging:
Log output configuration:
 #0: stdout all=warning uptime,level,tags foldmultilines=false
 #1: stderr all=off uptime,level,tags foldmultilines=false

Environment Variables:
JAVA_HOME=C:\Program Files\jdk-21_windows-x64_bin\jdk-21.0.8
PATH=C:\Program Files\Python314\Scripts\;C:\Program Files\Python314\;C:\Windows\system32;C:\Windows;C:\Windows\System32\Wbem;C:\Windows\System32\WindowsPowerShell\v1.0\;C:\Windows\System32\OpenSSH\;C:\Program Files\nodejs\;C:\Program Files\jdk-21_windows-x64_bin\jdk-21.0.8\bin;C:\Program Files\apache-maven-3.9.11\bin;C:\Program Files\RedHat\Podman\;C:\Program Files\Kubernetes\Minikube;C:\Program Files\apache-maven-3.9.11\bin;C:\Users\Chowdam.Gopi\AppData\Local\Microsoft\WindowsApps;C:\Users\Chowdam.Gopi\AppData\Local\Programs\Git\cmd;C:\Users\Chowdam.Gopi\AppData\Local\Programs\Microsoft VS Code\bin;C:\Users\Chowdam.Gopi\AppData\Roaming\npm
USERNAME=Chowdam.Gopi
OS=Windows_NT
PROCESSOR_IDENTIFIER=Intel64 Family 6 Model 140 Stepping 1, GenuineIntel
TMP=C:\Users\CHOWDA~1.GOP\AppData\Local\Temp
TEMP=C:\Users\CHOWDA~1.GOP\AppData\Local\Temp




Periodic native trim disabled

---------------  S Y S T E M  ---------------

OS:
 Windows 11 , 64 bit Build 26100 (10.0.26100.7019)
OS uptime: 4 days 14:26 hours
Hyper-V role detected

CPU: total 8 (initial active 8) (4 cores per cpu, 2 threads per core) family 6 model 140 stepping 1 microcode 0xbc, cx8, cmov, fxsr, ht, mmx, 3dnowpref, sse, sse2, sse3, ssse3, sse4.1, sse4.2, popcnt, lzcnt, tsc, tscinvbit, avx, avx2, aes, erms, clmul, bmi1, bmi2, adx, avx512f, avx512dq, avx512cd, avx512bw, avx512vl, sha, fma, vzeroupper, avx512_vpopcntdq, avx512_vpclmulqdq, avx512_vaes, avx512_vnni, clflush, clflushopt, clwb, avx512_vbmi2, avx512_vbmi, hv, rdtscp, rdpid, fsrm, gfni, avx512_bitalg, f16c, cet_ibt, cet_ss, avx512_ifma
Processor Information for all 8 processors :
  Max Mhz: 1382, Current Mhz: 1382, Mhz Limit: 1382

Memory: 4k page, system-wide physical 15781M (2192M free)
TotalPageFile size 39973M (AvailPageFile size 0M)
current process WorkingSet (physical memory assigned to process): 46M, peak: 46M
current process commit charge ("private bytes"): 335M, peak: 335M

vm_info: Java HotSpot(TM) 64-Bit Server VM (21.0.8+12-LTS-250) for windows-amd64 JRE (21.0.8+12-LTS-250), built on 2025-06-27T08:11:22Z by "mach5one" with MS VC++ 17.6 (VS2022)

END.
